Archive member included to satisfy reference by file (symbol)

c:/siliconlabs/simplicitystudio/v5/developer/toolchains/gnu_arm/12.2.rel1_2023.7/bin/../lib/gcc/arm-none-eabi/12.2.1/thumb/v7e-m+fp/softfp\libgcc.a(_arm_addsubdf3.o)
                              ./sntp_app.o (__aeabi_dsub)
c:/siliconlabs/simplicitystudio/v5/developer/toolchains/gnu_arm/12.2.rel1_2023.7/bin/../lib/gcc/arm-none-eabi/12.2.1/thumb/v7e-m+fp/softfp\libgcc.a(_arm_muldivdf3.o)
                              ./wiseconnect3_sdk_3.3.0/components/device/silabs/si91x/mcu/drivers/peripheral_drivers/src/clock_update.o (__aeabi_ddiv)
c:/siliconlabs/simplicitystudio/v5/developer/toolchains/gnu_arm/12.2.rel1_2023.7/bin/../lib/gcc/arm-none-eabi/12.2.1/thumb/v7e-m+fp/softfp\libgcc.a(_arm_fixunsdfsi.o)
                              ./sntp_app.o (__aeabi_d2uiz)
c:/siliconlabs/simplicitystudio/v5/developer/toolchains/gnu_arm/12.2.rel1_2023.7/bin/../lib/gcc/arm-none-eabi/12.2.1/thumb/v7e-m+fp/softfp\libc_nano.a(libc_a-assert.o)
                              ./wiseconnect3_sdk_3.3.0/components/device/silabs/si91x/wireless/src/sl_si91x_driver.o (__assert_func)
c:/siliconlabs/simplicitystudio/v5/developer/toolchains/gnu_arm/12.2.rel1_2023.7/bin/../lib/gcc/arm-none-eabi/12.2.1/thumb/v7e-m+fp/softfp\libc_nano.a(libc_a-atof.o)
                              ./sntp_app.o (atof)
c:/siliconlabs/simplicitystudio/v5/developer/toolchains/gnu_arm/12.2.rel1_2023.7/bin/../lib/gcc/arm-none-eabi/12.2.1/thumb/v7e-m+fp/softfp\libc_nano.a(libc_a-exit.o)
                              c:/siliconlabs/simplicitystudio/v5/developer/toolchains/gnu_arm/12.2.rel1_2023.7/bin/../lib/gcc/arm-none-eabi/12.2.1/thumb/v7e-m+fp/softfp/crt0.o (exit)
c:/siliconlabs/simplicitystudio/v5/developer/toolchains/gnu_arm/12.2.rel1_2023.7/bin/../lib/gcc/arm-none-eabi/12.2.1/thumb/v7e-m+fp/softfp\libc_nano.a(libc_a-malloc.o)
                              ./wiseconnect3_sdk_3.3.0/components/device/silabs/si91x/wireless/firmware_upgrade/firmware_upgradation.o (malloc)
c:/siliconlabs/simplicitystudio/v5/developer/toolchains/gnu_arm/12.2.rel1_2023.7/bin/../lib/gcc/arm-none-eabi/12.2.1/thumb/v7e-m+fp/softfp\libc_nano.a(libc_a-mallocr.o)
                              c:/siliconlabs/simplicitystudio/v5/developer/toolchains/gnu_arm/12.2.rel1_2023.7/bin/../lib/gcc/arm-none-eabi/12.2.1/thumb/v7e-m+fp/softfp\libc_nano.a(libc_a-malloc.o) (_malloc_r)
c:/siliconlabs/simplicitystudio/v5/developer/toolchains/gnu_arm/12.2.rel1_2023.7/bin/../lib/gcc/arm-none-eabi/12.2.1/thumb/v7e-m+fp/softfp\libc_nano.a(libc_a-mlock.o)
                              c:/siliconlabs/simplicitystudio/v5/developer/toolchains/gnu_arm/12.2.rel1_2023.7/bin/../lib/gcc/arm-none-eabi/12.2.1/thumb/v7e-m+fp/softfp\libc_nano.a(libc_a-mallocr.o) (__malloc_lock)
c:/siliconlabs/simplicitystudio/v5/developer/toolchains/gnu_arm/12.2.rel1_2023.7/bin/../lib/gcc/arm-none-eabi/12.2.1/thumb/v7e-m+fp/softfp\libc_nano.a(libc_a-strtod.o)
                              c:/siliconlabs/simplicitystudio/v5/developer/toolchains/gnu_arm/12.2.rel1_2023.7/bin/../lib/gcc/arm-none-eabi/12.2.1/thumb/v7e-m+fp/softfp\libc_nano.a(libc_a-atof.o) (strtod)
c:/siliconlabs/simplicitystudio/v5/developer/toolchains/gnu_arm/12.2.rel1_2023.7/bin/../lib/gcc/arm-none-eabi/12.2.1/thumb/v7e-m+fp/softfp\libc_nano.a(libc_a-strtoul.o)
                              ./wiseconnect3_sdk_3.3.0/components/common/src/sl_utility.o (strtoul)
c:/siliconlabs/simplicitystudio/v5/developer/toolchains/gnu_arm/12.2.rel1_2023.7/bin/../lib/gcc/arm-none-eabi/12.2.1/thumb/v7e-m+fp/softfp\libc_nano.a(libc_a-ctype_.o)
                              ./simplicity_sdk_2024.6.0/platform/common/src/sl_string.o (_ctype_)
c:/siliconlabs/simplicitystudio/v5/developer/toolchains/gnu_arm/12.2.rel1_2023.7/bin/../lib/gcc/arm-none-eabi/12.2.1/thumb/v7e-m+fp/softfp\libc_nano.a(libc_a-nano-vfprintf_float.o)
                              (_printf_float)
c:/siliconlabs/simplicitystudio/v5/developer/toolchains/gnu_arm/12.2.rel1_2023.7/bin/../lib/gcc/arm-none-eabi/12.2.1/thumb/v7e-m+fp/softfp\libc_nano.a(libc_a-nano-vfprintf_i.o)
                              c:/siliconlabs/simplicitystudio/v5/developer/toolchains/gnu_arm/12.2.rel1_2023.7/bin/../lib/gcc/arm-none-eabi/12.2.1/thumb/v7e-m+fp/softfp\libc_nano.a(libc_a-nano-vfprintf_float.o) (_printf_common)
c:/siliconlabs/simplicitystudio/v5/developer/toolchains/gnu_arm/12.2.rel1_2023.7/bin/../lib/gcc/arm-none-eabi/12.2.1/thumb/v7e-m+fp/softfp\libc_nano.a(libc_a-findfp.o)
                              c:/siliconlabs/simplicitystudio/v5/developer/toolchains/gnu_arm/12.2.rel1_2023.7/bin/../lib/gcc/arm-none-eabi/12.2.1/thumb/v7e-m+fp/softfp\libc_nano.a(libc_a-exit.o) (__stdio_exit_handler)
c:/siliconlabs/simplicitystudio/v5/developer/toolchains/gnu_arm/12.2.rel1_2023.7/bin/../lib/gcc/arm-none-eabi/12.2.1/thumb/v7e-m+fp/softfp\libc_nano.a(libc_a-fprintf.o)
[...]
Memory Configuration

Name             Origin             Length             Attributes
rom              0x08202000         0x001fe000         xr
ram              0x0000000c         0x0002fbf4         xrw
udma0            0x0002fc00         0x00000400         xrw
udma1            0x24061c00         0x00000400         xrw
*default*        0x00000000         0xffffffff

Linker script and memory map

LOAD c:/siliconlabs/simplicitystudio/v5/developer/toolchains/gnu_arm/12.2.rel1_2023.7/bin/../lib/gcc/arm-none-eabi/12.2.1/thumb/v7e-m+fp/softfp/crti.o
LOAD c:/siliconlabs/simplicitystudio/v5/developer/toolchains/gnu_arm/12.2.rel1_2023.7/bin/../lib/gcc/arm-none-eabi/12.2.1/thumb/v7e-m+fp/softfp/crtbegin.o
LOAD c:/siliconlabs/simplicitystudio/v5/developer/toolchains/gnu_arm/12.2.rel1_2023.7/bin/../lib/gcc/arm-none-eabi/12.2.1/thumb/v7e-m+fp/softfp/crt0.o
START GROUP
LOAD ./autogen/sl_event_handler.o
LOAD ./main.o
LOAD ./sntp_app.o
LOAD ./simplicity_sdk_2024.6.0/platform/CMSIS/RTOS2/Source/os_systick.o
LOAD ./simplicity_sdk_2024.6.0/platform/common/src/sl_assert.o
LOAD ./simplicity_sdk_2024.6.0/platform/common/src/sl_core_cortexm.o
LOAD ./simplicity_sdk_2024.6.0/platform/common/src/sl_slist.o
LOAD ./simplicity_sdk_2024.6.0/platform/common/src/sl_string.o
LOAD ./simplicity_sdk_2024.6.0/platform/common/src/sli_cmsis_os2_ext_task_register.o
LOAD ./simplicity_sdk_2024.6.0/platform/emlib/src/em_core.o
LOAD ./simplicity_sdk_2024.6.0/platform/service/mem_pool/src/sl_mem_pool.o
LOAD ./simplicity_sdk_2024.6.0/platform/service/system/src/sl_system_init.o
LOAD ./simplicity_sdk_2024.6.0/platform/service/system/src/sl_system_kernel.o
LOAD ./simplicity_sdk_2024.6.0/util/third_party/freertos/cmsis/Source/cmsis_os2.o
LOAD ./simplicity_sdk_2024.6.0/util/third_party/freertos/kernel/croutine.o
LOAD ./simplicity_sdk_2024.6.0/util/third_party/freertos/kernel/event_groups.o
LOAD ./simplicity_sdk_2024.6.0/util/third_party/freertos/kernel/list.o
LOAD ./simplicity_sdk_2024.6.0/util/third_party/freertos/kernel/queue.o
LOAD ./simplicity_sdk_2024.6.0/util/third_party/freertos/kernel/stream_buffer.o
LOAD ./simplicity_sdk_2024.6.0/util/third_party/freertos/kernel/tasks.o
LOAD ./simplicity_sdk_2024.6.0/util/third_party/freertos/kernel/timers.o
LOAD ./simplicity_sdk_2024.6.0/util/third_party/freertos/kernel/portable/GCC/ARM_CM4F/port.o
LOAD ./simplicity_sdk_2024.6.0/util/third_party/freertos/kernel/portable/MemMang/heap_4.o
LOAD ./wiseconnect3_sdk_3.3.0/components/board/silabs/src/rsi_board.o
LOAD ./wiseconnect3_sdk_3.3.0/components/common/src/sl_utility.o
LOAD ./wiseconnect3_sdk_3.3.0/components/device/silabs/si91x/mcu/core/chip/src/iPMU_prog/iPMU_dotc/ipmu_apis.o
LOAD ./wiseconnect3_sdk_3.3.0/components/device/silabs/si91x/mcu/core/chip/src/iPMU_prog/iPMU_dotc/rsi_system_config_917.o
LOAD ./wiseconnect3_sdk_3.3.0/components/device/silabs/si91x/mcu/core/chip/src/rsi_deepsleep_soc.o
LOAD ./wiseconnect3_sdk_3.3.0/components/device/silabs/si91x/mcu/core/chip/src/rsi_ps_ram_func.o
LOAD ./wiseconnect3_sdk_3.3.0/components/device/silabs/si91x/mcu/core/chip/src/startup_si91x.o
LOAD ./wiseconnect3_sdk_3.3.0/components/device/silabs/si91x/mcu/core/chip/src/system_si91x.o
LOAD ./wiseconnect3_sdk_3.3.0/components/device/silabs/si91x/mcu/core/common/src/rsi_debug.o
LOAD ./wiseconnect3_sdk_3.3.0/components/device/silabs/si91x/mcu/core/common/src/sl_si91x_stack_object_declare.o
LOAD ./wiseconnect3_sdk_3.3.0/components/device/silabs/si91x/mcu/core/common/src/syscalls.o
LOAD ./wiseconnect3_sdk_3.3.0/components/device/silabs/si91x/mcu/core/config/src/rsi_nvic_priorities_config.o
LOAD ./wiseconnect3_sdk_3.3.0/components/device/silabs/si91x/mcu/drivers/cmsis_driver/UDMA.o
LOAD ./wiseconnect3_sdk_3.3.0/components/device/silabs/si91x/mcu/drivers/cmsis_driver/USART.o
LOAD ./wiseconnect3_sdk_3.3.0/components/device/silabs/si91x/mcu/drivers/peripheral_drivers/src/clock_update.o
LOAD ./wiseconnect3_sdk_3.3.0/components/device/silabs/si91x/mcu/drivers/peripheral_drivers/src/rsi_crc.o
LOAD ./wiseconnect3_sdk_3.3.0/components/device/silabs/si91x/mcu/drivers/peripheral_drivers/src/rsi_egpio.o
LOAD ./wiseconnect3_sdk_3.3.0/components/device/silabs/si91x/mcu/drivers/peripheral_drivers/src/rsi_udma.o
LOAD ./wiseconnect3_sdk_3.3.0/components/device/silabs/si91x/mcu/drivers/peripheral_drivers/src/rsi_udma_wrapper.o
LOAD ./wiseconnect3_sdk_3.3.0/components/device/silabs/si91x/mcu/drivers/peripheral_drivers/src/rsi_usart.o
LOAD ./wiseconnect3_sdk_3.3.0/components/device/silabs/si91x/mcu/drivers/systemlevel/src/rsi_ipmu.o
LOAD ./wiseconnect3_sdk_3.3.0/components/device/silabs/si91x/mcu/drivers/systemlevel/src/rsi_pll.o
LOAD ./wiseconnect3_sdk_3.3.0/components/device/silabs/si91x/mcu/drivers/systemlevel/src/rsi_temp_sensor.o
LOAD ./wiseconnect3_sdk_3.3.0/components/device/silabs/si91x/mcu/drivers/systemlevel/src/rsi_ulpss_clk.o
LOAD ./wiseconnect3_sdk_3.3.0/components/device/silabs/si91x/wireless/ahb_interface/src/rsi_hal_mcu_m4_ram.o
LOAD ./wiseconnect3_sdk_3.3.0/components/device/silabs/si91x/wireless/ahb_interface/src/rsi_hal_mcu_m4_rom.o
LOAD ./wiseconnect3_sdk_3.3.0/components/device/silabs/si91x/wireless/ahb_interface/src/sl_platform.o
LOAD ./wiseconnect3_sdk_3.3.0/components/device/silabs/si91x/wireless/ahb_interface/src/sl_platform_wireless.o
LOAD ./wiseconnect3_sdk_3.3.0/components/device/silabs/si91x/wireless/ahb_interface/src/sl_si91x_bus.o
LOAD ./wiseconnect3_sdk_3.3.0/components/device/silabs/si91x/wireless/ahb_interface/src/sl_si91x_timer.o
LOAD ./wiseconnect3_sdk_3.3.0/components/device/silabs/si91x/wireless/ahb_interface/src/sli_siwx917_soc.o
LOAD ./wiseconnect3_sdk_3.3.0/components/device/silabs/si91x/wireless/errno/src/sl_si91x_errno.o
LOAD ./wiseconnect3_sdk_3.3.0/components/device/silabs/si91x/wireless/firmware_upgrade/firmware_upgradation.o
LOAD ./wiseconnect3_sdk_3.3.0/components/device/silabs/si91x/wireless/host_mcu/si91x/siwx917_soc_ncp_host.o
LOAD ./wiseconnect3_sdk_3.3.0/components/device/silabs/si91x/wireless/icmp/sl_net_ping.o
LOAD ./wiseconnect3_sdk_3.3.0/components/device/silabs/si91x/wireless/memory/mem_pool_buffer_quota.o
LOAD ./wiseconnect3_sdk_3.3.0/components/device/silabs/si91x/wireless/sl_net/src/sl_net_rsi_utility.o
LOAD ./wiseconnect3_sdk_3.3.0/components/device/silabs/si91x/wireless/sl_net/src/sl_net_si91x_integration_handler.o
LOAD ./wiseconnect3_sdk_3.3.0/components/device/silabs/si91x/wireless/sl_net/src/sl_si91x_net_credentials.o
LOAD ./wiseconnect3_sdk_3.3.0/components/device/silabs/si91x/wireless/sl_net/src/sl_si91x_net_internal_stack.o
LOAD ./wiseconnect3_sdk_3.3.0/components/device/silabs/si91x/wireless/src/sl_rsi_utility.o
LOAD ./wiseconnect3_sdk_3.3.0/components/device/silabs/si91x/wireless/src/sl_si91x_callback_framework.o
LOAD ./wiseconnect3_sdk_3.3.0/components/device/silabs/si91x/wireless/src/sl_si91x_driver.o
LOAD ./wiseconnect3_sdk_3.3.0/components/device/silabs/si91x/wireless/threading/sli_si91x_multithreaded.o
LOAD ./wiseconnect3_sdk_3.3.0/components/protocol/wifi/si91x/sl_wifi.o
LOAD ./wiseconnect3_sdk_3.3.0/components/protocol/wifi/src/sl_wifi_callback_framework.o
LOAD ./wiseconnect3_sdk_3.3.0/components/service/network_manager/si91x/sl_net_si91x.o
LOAD ./wiseconnect3_sdk_3.3.0/components/service/network_manager/src/sl_net.o
LOAD ./wiseconnect3_sdk_3.3.0/components/service/network_manager/src/sl_net_basic_certificate_store.o
LOAD ./wiseconnect3_sdk_3.3.0/components/service/network_manager/src/sl_net_basic_credentials.o
LOAD ./wiseconnect3_sdk_3.3.0/components/service/network_manager/src/sl_net_basic_profiles.o
LOAD ./wiseconnect3_sdk_3.3.0/components/service/sntp/si91x/sl_sntp.o
LOAD c:/siliconlabs/simplicitystudio/v5/developer/toolchains/gnu_arm/12.2.rel1_2023.7/bin/../lib/gcc/arm-none-eabi/12.2.1/thumb/v7e-m+fp/softfp\libgcc.a
LOAD c:/siliconlabs/simplicitystudio/v5/developer/toolchains/gnu_arm/12.2.rel1_2023.7/bin/../lib/gcc/arm-none-eabi/12.2.1/thumb/v7e-m+fp/softfp\libnosys.a
LOAD c:/siliconlabs/simplicitystudio/v5/developer/toolchains/gnu_arm/12.2.rel1_2023.7/bin/../lib/gcc/arm-none-eabi/12.2.1/thumb/v7e-m+fp/softfp\libc_nano.a
LOAD c:/siliconlabs/simplicitystudio/v5/developer/toolchains/gnu_arm/12.2.rel1_2023.7/bin/../lib/gcc/arm-none-eabi/12.2.1/thumb/v7e-m+fp/softfp\libm.a
END GROUP
START GROUP
LOAD c:/siliconlabs/simplicitystudio/v5/developer/toolchains/gnu_arm/12.2.rel1_2023.7/bin/../lib/gcc/arm-none-eabi/12.2.1/thumb/v7e-m+fp/softfp\libgcc.a
LOAD c:/siliconlabs/simplicitystudio/v5/developer/toolchains/gnu_arm/12.2.rel1_2023.7/bin/../lib/gcc/arm-none-eabi/12.2.1/thumb/v7e-m+fp/softfp\libc_nano.a
LOAD c:/siliconlabs/simplicitystudio/v5/developer/toolchains/gnu_arm/12.2.rel1_2023.7/bin/../lib/gcc/arm-none-eabi/12.2.1/thumb/v7e-m+fp/softfp\libnosys.a
END GROUP
START GROUP
LOAD c:/siliconlabs/simplicitystudio/v5/developer/toolchains/gnu_arm/12.2.rel1_2023.7/bin/../lib/gcc/arm-none-eabi/12.2.1/thumb/v7e-m+fp/softfp\libgcc.a
LOAD c:/siliconlabs/simplicitystudio/v5/developer/toolchains/gnu_arm/12.2.rel1_2023.7/bin/../lib/gcc/arm-none-eabi/12.2.1/thumb/v7e-m+fp/softfp\libg_nano.a
LOAD c:/siliconlabs/simplicitystudio/v5/developer/toolchains/gnu_arm/12.2.rel1_2023.7/bin/../lib/gcc/arm-none-eabi/12.2.1/thumb/v7e-m+fp/softfp\libc_nano.a
END GROUP
START GROUP
LOAD c:/siliconlabs/simplicitystudio/v5/developer/toolchains/gnu_arm/12.2.rel1_2023.7/bin/../lib/gcc/arm-none-eabi/12.2.1/thumb/v7e-m+fp/softfp\libgcc.a
LOAD c:/siliconlabs/simplicitystudio/v5/developer/toolchains/gnu_arm/12.2.rel1_2023.7/bin/../lib/gcc/arm-none-eabi/12.2.1/thumb/v7e-m+fp/softfp\libc_nano.a
END GROUP
LOAD c:/siliconlabs/simplicitystudio/v5/developer/toolchains/gnu_arm/12.2.rel1_2023.7/bin/../lib/gcc/arm-none-eabi/12.2.1/thumb/v7e-m+fp/softfp/crtend.o
LOAD c:/siliconlabs/simplicitystudio/v5/developer/toolchains/gnu_arm/12.2.rel1_2023.7/bin/../lib/gcc/arm-none-eabi/12.2.1/thumb/v7e-m+fp/softfp/crtn.o

.text           0x08202000     0xf461
 *(.isr_vector)
 .isr_vector    0x08202000      0x16c ./wiseconnect3_sdk_3.3.0/components/device/silabs/si91x/mcu/core/chip/src/startup_si91x.o
                0x08202000                __Vectors
 *(EXCLUDE_FILE(*UDMA.o) .text*)
 .text.deregister_tm_clones
                0x0820216c       0x1c c:/siliconlabs/simplicitystudio/v5/developer/toolchains/gnu_arm/12.2.rel1_2023.7/bin/../lib/gcc/arm-none-eabi/12.2.1/thumb/v7e-m+fp/softfp/crtbegin.o
 .text.register_tm_clones
                0x08202188       0x24 c:/siliconlabs/simplicitystudio/v5/developer/toolchains/gnu_arm/12.2.rel1_2023.7/bin/../lib/gcc/arm-none-eabi/12.2.1/thumb/v7e-m+fp/softfp/crtbegin.o
 .text.__do_global_dtors_aux
                0x082021ac       0x28 c:/siliconlabs/simplicitystudio/v5/developer/toolchains/gnu_arm/12.2.rel1_2023.7/bin/../lib/gcc/arm-none-eabi/12.2.1/thumb/v7e-m+fp/softfp/crtbegin.o
 .text.frame_dummy
                0x082021d4       0x24 c:/siliconlabs/simplicitystudio/v5/developer/toolchains/gnu_arm/12.2.rel1_2023.7/bin/../lib/gcc/arm-none-eabi/12.2.1/thumb/v7e-m+fp/softfp/crtbegin.o
 .text.sl_platform_init
                0x082021f8       0x1e ./autogen/sl_event_handler.o
                0x082021f8                sl_platform_init
 .text.sl_kernel_start
                0x08202216        0x4 ./autogen/sl_event_handler.o
                0x08202216                sl_kernel_start
 .text.sl_driver_init
                0x0820221a        0x2 ./autogen/sl_event_handler.o
                0x0820221a                sl_driver_init
 .text.sl_service_init
                0x0820221c        0x2 ./autogen/sl_event_handler.o
                0x0820221c                sl_service_init
 .text.sl_stack_init
                0x0820221e        0x2 ./autogen/sl_event_handler.o
                0x0820221e                sl_stack_init
 .text.sl_internal_app_init
                0x08202220        0x2 ./autogen/sl_event_handler.o
                0x08202220                sl_internal_app_init
 .text.startup.main
                0x08202222       0x12 ./main.o
                0x08202222                main
 .text.module_status_handler
                0x08202234       0x78 ./sntp_app.o
 .text.sntp_client_event_handler
                0x082022ac       0x6c ./sntp_app.o
 .text.sntp_app_init
                0x08202318       0x14 ./sntp_app.o
                0x08202318                sntp_app_init
 *fill*         0x0820232c        0x4 
 .text.embedded_sntp_client
                0x08202330      0x248 ./sntp_app.o
                0x08202330                embedded_sntp_client
 .text.sntp_task
                0x08202578       0x6c ./sntp_app.o
 .text.CORE_EnterCritical
                0x082025e4        0x8 ./simplicity_sdk_2024.6.0/platform/common/src/sl_core_cortexm.o
                0x082025e4                CORE_EnterCritical
 .text.CORE_ExitCritical
                0x082025ec        0x6 ./simplicity_sdk_2024.6.0/platform/common/src/sl_core_cortexm.o
                0x082025ec                CORE_ExitCritical
 .text.CORE_EnterAtomic
                0x082025f2        0xc ./simplicity_sdk_2024.6.0/platform/common/src/sl_core_cortexm.o
                0x082025f2                CORE_EnterAtomic
 .text.CORE_ExitAtomic
                0x082025fe        0x6 ./simplicity_sdk_2024.6.0/platform/common/src/sl_core_cortexm.o
                0x082025fe                CORE_ExitAtomic
 .text.sli_osTaskRegisterSetValue
                0x08202604        0xa ./simplicity_sdk_2024.6.0/platform/common/src/sli_cmsis_os2_ext_task_register.o
                0x08202604                sli_osTaskRegisterSetValue
 .text.sli_mem_pool_create
                0x0820260e       0x3c ./simplicity_sdk_2024.6.0/platform/service/mem_pool/src/sl_mem_pool.o
                0x0820260e                sli_mem_pool_create
 .text.sli_mem_pool_alloc
                0x0820264a       0x24 ./simplicity_sdk_2024.6.0/platform/service/mem_pool/src/sl_mem_pool.o
                0x0820264a                sli_mem_pool_alloc
 .text.sli_mem_pool_free
                0x0820266e       0x18 ./simplicity_sdk_2024.6.0/platform/service/mem_pool/src/sl_mem_pool.o
                0x0820266e                sli_mem_pool_free
 .text.sl_system_init
                0x08202686       0x1a ./simplicity_sdk_2024.6.0/platform/service/system/src/sl_system_init.o
                0x08202686                sl_system_init
 .text.sl_system_kernel_start
                0x082026a0        0x4 ./simplicity_sdk_2024.6.0/platform/service/system/src/sl_system_kernel.o
                0x082026a0                sl_system_kernel_start
 .text.SysTick_Handler
                0x082026a4       0x1a ./simplicity_sdk_2024.6.0/util/third_party/freertos/cmsis/Source/cmsis_os2.o
                0x082026a4                SysTick_Handler
 *fill*         0x082026be        0x2 
 .text.osKernelInitialize
                0x082026c0       0x34 ./simplicity_sdk_2024.6.0/util/third_party/freertos/cmsis/Source/cmsis_os2.o
                0x082026c0                osKernelInitialize
 .text.osKernelGetState
                0x082026f4       0x20 ./simplicity_sdk_2024.6.0/util/third_party/freertos/cmsis/Source/cmsis_os2.o
                0x082026f4                osKernelGetState
 .text.osKernelStart
                0x08202714       0x48 ./simplicity_sdk_2024.6.0/util/third_party/freertos/cmsis/Source/cmsis_os2.o
                0x08202714                osKernelStart
 .text.osKernelGetTickCount
                0x0820275c       0x28 ./simplicity_sdk_2024.6.0/util/third_party/freertos/cmsis/Source/cmsis_os2.o
                0x0820275c                osKernelGetTickCount
 .text.osThreadNew
                0x08202784       0xa8 ./simplicity_sdk_2024.6.0/util/third_party/freertos/cmsis/Source/cmsis_os2.o
                0x08202784                osThreadNew
 .text.osThreadYield
                0x0820282c       0x3c ./simplicity_sdk_2024.6.0/util/third_party/freertos/cmsis/Source/cmsis_os2.o
                0x0820282c                osThreadYield
 .text.osDelay  0x08202868       0x30 ./simplicity_sdk_2024.6.0/util/third_party/freertos/cmsis/Source/cmsis_os2.o
                0x08202868                osDelay
 .text.osEventFlagsNew
                0x08202898       0x3c ./simplicity_sdk_2024.6.0/util/third_party/freertos/cmsis/Source/cmsis_os2.o
                0x08202898                osEventFlagsNew
 .text.osEventFlagsSet
                0x082028d4       0x70 ./simplicity_sdk_2024.6.0/util/third_party/freertos/cmsis/Source/cmsis_os2.o
                0x082028d4                osEventFlagsSet
 .text.osEventFlagsClear
                0x08202944       0x5c ./simplicity_sdk_2024.6.0/util/third_party/freertos/cmsis/Source/cmsis_os2.o
                0x08202944                osEventFlagsClear
 .text.osEventFlagsWait
                0x082029a0       0x70 ./simplicity_sdk_2024.6.0/util/third_party/freertos/cmsis/Source/cmsis_os2.o
                0x082029a0                osEventFlagsWait
 .text.osMutexNew
                0x08202a10       0x94 ./simplicity_sdk_2024.6.0/util/third_party/freertos/cmsis/Source/cmsis_os2.o
                0x08202a10                osMutexNew
 .text.osMutexAcquire
                0x08202aa4       0x60 ./simplicity_sdk_2024.6.0/util/third_party/freertos/cmsis/Source/cmsis_os2.o
                0x08202aa4                osMutexAcquire
 .text.osMutexRelease
                0x08202b04       0x58 ./simplicity_sdk_2024.6.0/util/third_party/freertos/cmsis/Source/cmsis_os2.o
                0x08202b04                osMutexRelease
 .text.vApplicationGetIdleTaskMemory
                0x08202b5c       0x18 ./simplicity_sdk_2024.6.0/util/third_party/freertos/cmsis/Source/cmsis_os2.o
                0x08202b5c                vApplicationGetIdleTaskMemory
 .text.vApplicationGetTimerTaskMemory
                0x08202b74       0x18 ./simplicity_sdk_2024.6.0/util/third_party/freertos/cmsis/Source/cmsis_os2.o
                0x08202b74                vApplicationGetTimerTaskMemory
 .text.xEventGroupCreateStatic
                0x08202b8c       0x48 ./simplicity_sdk_2024.6.0/util/third_party/freertos/kernel/event_groups.o
                0x08202b8c                xEventGroupCreateStatic
 .text.xEventGroupCreate
                0x08202bd4       0x1c ./simplicity_sdk_2024.6.0/util/third_party/freertos/kernel/event_groups.o
                0x08202bd4                xEventGroupCreate
 .text.xEventGroupWaitBits
                0x08202bf0      0x130 ./simplicity_sdk_2024.6.0/util/third_party/freertos/kernel/event_groups.o
                0x08202bf0                xEventGroupWaitBits
 .text.xEventGroupClearBits
                0x08202d20       0x46 ./simplicity_sdk_2024.6.0/util/third_party/freertos/kernel/event_groups.o
                0x08202d20                xEventGroupClearBits
 .text.vEventGroupClearBitsCallback
                0x08202d66        0x4 ./simplicity_sdk_2024.6.0/util/third_party/freertos/kernel/event_groups.o
                0x08202d66                vEventGroupClearBitsCallback
 *fill*         0x08202d6a        0x2 
 .text.xEventGroupClearBitsFromISR
                0x08202d6c       0x10 ./simplicity_sdk_2024.6.0/util/third_party/freertos/kernel/event_groups.o
                0x08202d6c                xEventGroupClearBitsFromISR
 .text.xEventGroupGetBitsFromISR
                0x08202d7c       0x1c ./simplicity_sdk_2024.6.0/util/third_party/freertos/kernel/event_groups.o
                0x08202d7c                xEventGroupGetBitsFromISR
 .text.xEventGroupSetBits
                0x08202d98       0x88 ./simplicity_sdk_2024.6.0/util/third_party/freertos/kernel/event_groups.o
                0x08202d98                xEventGroupSetBits
 .text.vEventGroupSetBitsCallback
                0x08202e20        0x4 ./simplicity_sdk_2024.6.0/util/third_party/freertos/kernel/event_groups.o
                0x08202e20                vEventGroupSetBitsCallback
 .text.xEventGroupSetBitsFromISR
                0x08202e24       0x10 ./simplicity_sdk_2024.6.0/util/third_party/freertos/kernel/event_groups.o
                0x08202e24                xEventGroupSetBitsFromISR
 .text.vListInitialise
                0x08202e34       0x16 ./simplicity_sdk_2024.6.0/util/third_party/freertos/kernel/list.o
                0x08202e34                vListInitialise
 .text.vListInitialiseItem
                0x08202e4a        0x6 ./simplicity_sdk_2024.6.0/util/third_party/freertos/kernel/list.o
                0x08202e4a                vListInitialiseItem
 .text.vListInsertEnd
                0x08202e50       0x16 ./simplicity_sdk_2024.6.0/util/third_party/freertos/kernel/list.o
                0x08202e50                vListInsertEnd
 .text.vListInsert
                0x08202e66       0x2e ./simplicity_sdk_2024.6.0/util/third_party/freertos/kernel/list.o
                0x08202e66                vListInsert
 .text.uxListRemove
                0x08202e94       0x20 ./simplicity_sdk_2024.6.0/util/third_party/freertos/kernel/list.o
                0x08202e94                uxListRemove
 .text.prvIsQueueEmpty
                0x08202eb4       0x16 ./simplicity_sdk_2024.6.0/util/third_party/freertos/kernel/queue.o
 .text.prvCopyDataToQueue
                0x08202eca       0x66 ./simplicity_sdk_2024.6.0/util/third_party/freertos/kernel/queue.o
 .text.prvCopyDataFromQueue
                0x08202f30       0x2c ./simplicity_sdk_2024.6.0/util/third_party/freertos/kernel/queue.o
 .text.prvUnlockQueue
                0x08202f5c       0x70 ./simplicity_sdk_2024.6.0/util/third_party/freertos/kernel/queue.o
 .text.xQueueGenericReset
                0x08202fcc       0x7e ./simplicity_sdk_2024.6.0/util/third_party/freertos/kernel/queue.o
                0x08202fcc                xQueueGenericReset
 .text.xQueueGenericCreate.part.0
                0x0820304a       0x7a ./simplicity_sdk_2024.6.0/util/third_party/freertos/kernel/queue.o
 .text.xQueueGenericCreateStatic
                0x082030c4       0xa6 ./simplicity_sdk_2024.6.0/util/third_party/freertos/kernel/queue.o
                0x082030c4                xQueueGenericCreateStatic
 .text.xQueueGenericSend
                0x0820316a      0x178 ./simplicity_sdk_2024.6.0/util/third_party/freertos/kernel/queue.o
                0x0820316a                xQueueGenericSend
 .text.xQueueCreateMutexStatic
                0x082032e2       0x2a ./simplicity_sdk_2024.6.0/util/third_party/freertos/kernel/queue.o
                0x082032e2                xQueueCreateMutexStatic
 .text.xQueueGiveMutexRecursive
                0x0820330c       0x3e ./simplicity_sdk_2024.6.0/util/third_party/freertos/kernel/queue.o
                0x0820330c                xQueueGiveMutexRecursive
 .text.xQueueCreateMutex
                0x0820334a       0x24 ./simplicity_sdk_2024.6.0/util/third_party/freertos/kernel/queue.o
                0x0820334a                xQueueCreateMutex
 .text.xQueueGenericSendFromISR
                0x0820336e       0xd0 ./simplicity_sdk_2024.6.0/util/third_party/freertos/kernel/queue.o
                0x0820336e                xQueueGenericSendFromISR
 .text.xQueueReceive
                0x0820343e      0x13e ./simplicity_sdk_2024.6.0/util/third_party/freertos/kernel/queue.o
                0x0820343e                xQueueReceive
 .text.xQueueSemaphoreTake
                0x0820357c      0x17a ./simplicity_sdk_2024.6.0/util/third_party/freertos/kernel/queue.o
                0x0820357c                xQueueSemaphoreTake
 .text.xQueueTakeMutexRecursive
                0x082036f6       0x42 ./simplicity_sdk_2024.6.0/util/third_party/freertos/kernel/queue.o
                0x082036f6                xQueueTakeMutexRecursive
 .text.vQueueAddToRegistry
                0x08203738       0x24 ./simplicity_sdk_2024.6.0/util/third_party/freertos/kernel/queue.o
                0x08203738                vQueueAddToRegistry
 .text.vQueueWaitForMessageRestricted
                0x0820375c       0x46 ./simplicity_sdk_2024.6.0/util/third_party/freertos/kernel/queue.o
                0x0820375c                vQueueWaitForMessageRestricted
 *fill*         0x082037a2        0x2 
 .text.prvAddNewTaskToReadyList
                0x082037a4      0x100 ./simplicity_sdk_2024.6.0/util/third_party/freertos/kernel/tasks.o
 .text.prvAddCurrentTaskToDelayedList
                0x082038a4       0x78 ./simplicity_sdk_2024.6.0/util/third_party/freertos/kernel/tasks.o
 .text.prvResetNextTaskUnblockTime
                0x0820391c       0x24 ./simplicity_sdk_2024.6.0/util/third_party/freertos/kernel/tasks.o
 .text.prvDeleteTCB
                0x08203940       0x36 ./simplicity_sdk_2024.6.0/util/third_party/freertos/kernel/tasks.o
 *fill*         0x08203976        0x2 
 .text.prvIdleTask
                0x08203978       0x60 ./simplicity_sdk_2024.6.0/util/third_party/freertos/kernel/tasks.o
 .text.prvInitialiseNewTask.constprop.0
                0x082039d8       0xb0 ./simplicity_sdk_2024.6.0/util/third_party/freertos/kernel/tasks.o
 .text.xTaskCreateStatic
                0x08203a88       0x70 ./simplicity_sdk_2024.6.0/util/third_party/freertos/kernel/tasks.o
                0x08203a88                xTaskCreateStatic
 .text.xTaskCreate
                0x08203af8       0x5c ./simplicity_sdk_2024.6.0/util/third_party/freertos/kernel/tasks.o
                0x08203af8                xTaskCreate
 .text.vTaskStartScheduler
                0x08203b54       0x90 ./simplicity_sdk_2024.6.0/util/third_party/freertos/kernel/tasks.o
                0x08203b54                vTaskStartScheduler
 .text.vTaskSuspendAll
                0x08203be4       0x10 ./simplicity_sdk_2024.6.0/util/third_party/freertos/kernel/tasks.o
                0x08203be4                vTaskSuspendAll
 .text.xTaskGetTickCount
                0x08203bf4        0xc ./simplicity_sdk_2024.6.0/util/third_party/freertos/kernel/tasks.o
                0x08203bf4                xTaskGetTickCount
 .text.xTaskGetTickCountFromISR
                0x08203c00       0x10 ./simplicity_sdk_2024.6.0/util/third_party/freertos/kernel/tasks.o
                0x08203c00                xTaskGetTickCountFromISR
 .text.xTaskIncrementTick
                0x08203c10      0x12c ./simplicity_sdk_2024.6.0/util/third_party/freertos/kernel/tasks.o
                0x08203c10                xTaskIncrementTick
 .text.xTaskResumeAll
                0x08203d3c       0xe8 ./simplicity_sdk_2024.6.0/util/third_party/freertos/kernel/tasks.o
                0x08203d3c                xTaskResumeAll
 .text.vTaskDelay
                0x08203e24       0x48 ./simplicity_sdk_2024.6.0/util/third_party/freertos/kernel/tasks.o
                0x08203e24                vTaskDelay
 .text.vTaskSwitchContext
                0x08203e6c       0x88 ./simplicity_sdk_2024.6.0/util/third_party/freertos/kernel/tasks.o
                0x08203e6c                vTaskSwitchContext
 .text.vTaskPlaceOnEventList
                0x08203ef4       0x34 ./simplicity_sdk_2024.6.0/util/third_party/freertos/kernel/tasks.o
                0x08203ef4                vTaskPlaceOnEventList
 .text.vTaskPlaceOnUnorderedEventList
                0x08203f28       0x58 ./simplicity_sdk_2024.6.0/util/third_party/freertos/kernel/tasks.o
                0x08203f28                vTaskPlaceOnUnorderedEventList
 .text.vTaskPlaceOnEventListRestricted
                0x08203f80       0x3c ./simplicity_sdk_2024.6.0/util/third_party/freertos/kernel/tasks.o
                0x08203f80                vTaskPlaceOnEventListRestricted
 .text.xTaskRemoveFromEventList
                0x08203fbc       0x80 ./simplicity_sdk_2024.6.0/util/third_party/freertos/kernel/tasks.o
                0x08203fbc                xTaskRemoveFromEventList
 .text.vTaskRemoveFromUnorderedEventList
                0x0820403c       0x84 ./simplicity_sdk_2024.6.0/util/third_party/freertos/kernel/tasks.o
                0x0820403c                vTaskRemoveFromUnorderedEventList
 .text.vTaskInternalSetTimeOutState
                0x082040c0       0x18 ./simplicity_sdk_2024.6.0/util/third_party/freertos/kernel/tasks.o
                0x082040c0                vTaskInternalSetTimeOutState
 .text.xTaskCheckForTimeOut
                0x082040d8       0x90 ./simplicity_sdk_2024.6.0/util/third_party/freertos/kernel/tasks.o
                0x082040d8                xTaskCheckForTimeOut
 .text.vTaskMissedYield
                0x08204168        0xc ./simplicity_sdk_2024.6.0/util/third_party/freertos/kernel/tasks.o
                0x08204168                vTaskMissedYield
 .text.vTaskSetThreadLocalStoragePointer
                0x08204174       0x2c ./simplicity_sdk_2024.6.0/util/third_party/freertos/kernel/tasks.o
                0x08204174                vTaskSetThreadLocalStoragePointer
 .text.xTaskGetCurrentTaskHandle
                0x082041a0        0xc ./simplicity_sdk_2024.6.0/util/third_party/freertos/kernel/tasks.o
                0x082041a0                xTaskGetCurrentTaskHandle
 .text.xTaskGetSchedulerState
                0x082041ac       0x20 ./simplicity_sdk_2024.6.0/util/third_party/freertos/kernel/tasks.o
                0x082041ac                xTaskGetSchedulerState
 .text.xTaskPriorityInherit
                0x082041cc       0x7c ./simplicity_sdk_2024.6.0/util/third_party/freertos/kernel/tasks.o
                0x082041cc                xTaskPriorityInherit
 .text.xTaskPriorityDisinherit
                0x08204248       0x84 ./simplicity_sdk_2024.6.0/util/third_party/freertos/kernel/tasks.o
                0x08204248                xTaskPriorityDisinherit
 .text.vTaskPriorityDisinheritAfterTimeout
                0x082042cc       0x9c ./simplicity_sdk_2024.6.0/util/third_party/freertos/kernel/tasks.o
                0x082042cc                vTaskPriorityDisinheritAfterTimeout
 .text.uxTaskResetEventItemValue
                0x08204368       0x18 ./simplicity_sdk_2024.6.0/util/third_party/freertos/kernel/tasks.o
                0x08204368                uxTaskResetEventItemValue
 .text.pvTaskIncrementMutexHeldCount
                0x08204380       0x18 ./simplicity_sdk_2024.6.0/util/third_party/freertos/kernel/tasks.o
                0x08204380                pvTaskIncrementMutexHeldCount
 .text.prvInsertTimerInActiveList
                0x08204398       0x3c ./simplicity_sdk_2024.6.0/util/third_party/freertos/kernel/timers.o
 .text.prvCheckForValidListAndQueue
                0x082043d4       0x68 ./simplicity_sdk_2024.6.0/util/third_party/freertos/kernel/timers.o
 .text.xTimerCreateTimerTask
                0x0820443c       0x64 ./simplicity_sdk_2024.6.0/util/third_party/freertos/kernel/timers.o
                0x0820443c                xTimerCreateTimerTask
 .text.xTimerGenericCommand
                0x082044a0       0x58 ./simplicity_sdk_2024.6.0/util/third_party/freertos/kernel/timers.o
                0x082044a0                xTimerGenericCommand
 .text.prvSampleTimeNow
                0x082044f8       0xa4 ./simplicity_sdk_2024.6.0/util/third_party/freertos/kernel/timers.o
 .text.prvTimerTask
                0x0820459c      0x1cc ./simplicity_sdk_2024.6.0/util/third_party/freertos/kernel/timers.o
 .text.xTimerPendFunctionCallFromISR
                0x08204768       0x28 ./simplicity_sdk_2024.6.0/util/third_party/freertos/kernel/timers.o
                0x08204768                xTimerPendFunctionCallFromISR
 .text.prvPortStartFirstTask
                0x08204790       0x28 ./simplicity_sdk_2024.6.0/util/third_party/freertos/kernel/portable/GCC/ARM_CM4F/port.o
 .text.vPortEnableVFP
                0x082047b8       0x14 ./simplicity_sdk_2024.6.0/util/third_party/freertos/kernel/portable/GCC/ARM_CM4F/port.o
 .text.prvTaskExitError
                0x082047cc       0x40 ./simplicity_sdk_2024.6.0/util/third_party/freertos/kernel/portable/GCC/ARM_CM4F/port.o
 .text.pxPortInitialiseStack
                0x0820480c       0x2c ./simplicity_sdk_2024.6.0/util/third_party/freertos/kernel/portable/GCC/ARM_CM4F/port.o
                0x0820480c                pxPortInitialiseStack
 *fill*         0x08204838        0x8 
 .text.SVC_Handler
                0x08204840       0x24 ./simplicity_sdk_2024.6.0/util/third_party/freertos/kernel/portable/GCC/ARM_CM4F/port.o
                0x08204840                SVC_Handler
 .text.vPortEnterCritical
                0x08204864       0x40 ./simplicity_sdk_2024.6.0/util/third_party/freertos/kernel/portable/GCC/ARM_CM4F/port.o
                0x08204864                vPortEnterCritical
 .text.vPortExitCritical
                0x082048a4       0x28 ./simplicity_sdk_2024.6.0/util/third_party/freertos/kernel/portable/GCC/ARM_CM4F/port.o
                0x082048a4                vPortExitCritical
 *fill*         0x082048cc        0x4 
 .text.PendSV_Handler
                0x082048d0       0x64 ./simplicity_sdk_2024.6.0/util/third_party/freertos/kernel/portable/GCC/ARM_CM4F/port.o
                0x082048d0                PendSV_Handler
 .text.xPortSysTickHandler
                0x08204934       0x2c ./simplicity_sdk_2024.6.0/util/third_party/freertos/kernel/portable/GCC/ARM_CM4F/port.o
                0x08204934                xPortSysTickHandler
 .text.vPortSetupTimerInterrupt
                0x08204960       0x24 ./simplicity_sdk_2024.6.0/util/third_party/freertos/kernel/portable/GCC/ARM_CM4F/port.o
                0x08204960                vPortSetupTimerInterrupt
 .text.xPortStartScheduler
                0x08204984      0x10c ./simplicity_sdk_2024.6.0/util/third_party/freertos/kernel/portable/GCC/ARM_CM4F/port.o
                0x08204984                xPortStartScheduler
 .text.vPortValidateInterruptPriority
                0x08204a90       0x5c ./simplicity_sdk_2024.6.0/util/third_party/freertos/kernel/portable/GCC/ARM_CM4F/port.o
                0x08204a90                vPortValidateInterruptPriority
 .text.prvInsertBlockIntoFreeList
                0x08204aec       0x50 ./simplicity_sdk_2024.6.0/util/third_party/freertos/kernel/portable/MemMang/heap_4.o
 .text.pvPortMalloc
                0x08204b3c      0x134 ./simplicity_sdk_2024.6.0/util/third_party/freertos/kernel/portable/MemMang/heap_4.o
                0x08204b3c                pvPortMalloc
 .text.vPortFree
                0x08204c70       0x7c ./simplicity_sdk_2024.6.0/util/third_party/freertos/kernel/portable/MemMang/heap_4.o
                0x08204c70                vPortFree
 .text.RSI_Board_Init
                0x08204cec       0x5c ./wiseconnect3_sdk_3.3.0/components/board/silabs/src/rsi_board.o
                0x08204cec                RSI_Board_Init
 .text.sl_redirect_log
                0x08204d48        0x6 ./wiseconnect3_sdk_3.3.0/components/common/src/sl_utility.o
                0x08204d48                sl_redirect_log
 *fill*         0x08204d4e        0x2 
 .text.init_ipmu_calib_data
                0x08204d50       0x54 ./wiseconnect3_sdk_3.3.0/components/device/silabs/si91x/mcu/core/chip/src/iPMU_prog/iPMU_dotc/ipmu_apis.o
                0x08204d50                init_ipmu_calib_data
 .text.program_ipmu_data
                0x08204da4       0x54 ./wiseconnect3_sdk_3.3.0/components/device/silabs/si91x/mcu/core/chip/src/iPMU_prog/iPMU_dotc/ipmu_apis.o
                0x08204da4                program_ipmu_data
 .text.ipmu_init_mcu
                0x08204df8       0x94 ./wiseconnect3_sdk_3.3.0/components/device/silabs/si91x/mcu/core/chip/src/iPMU_prog/iPMU_dotc/ipmu_apis.o
                0x08204df8                ipmu_init_mcu
 .text.ipmu_init
                0x08204e8c       0xa8 ./wiseconnect3_sdk_3.3.0/components/device/silabs/si91x/mcu/core/chip/src/iPMU_prog/iPMU_dotc/ipmu_apis.o
                0x08204e8c                ipmu_init
 .text.configure_ipmu_mode
                0x08204f34       0x38 ./wiseconnect3_sdk_3.3.0/components/device/silabs/si91x/mcu/core/chip/src/iPMU_prog/iPMU_dotc/ipmu_apis.o
                0x08204f34                configure_ipmu_mode
 .text.RSI_PS_RestoreCpuContext
                0x08204f6c       0x34 ./wiseconnect3_sdk_3.3.0/components/device/silabs/si91x/mcu/core/chip/src/rsi_deepsleep_soc.o
                0x08204f6c                RSI_PS_RestoreCpuContext
 .text.RSI_Set_Cntrls_To_M4
                0x08204fa0       0x50 ./wiseconnect3_sdk_3.3.0/components/device/silabs/si91x/mcu/core/chip/src/rsi_deepsleep_soc.o
                0x08204fa0                RSI_Set_Cntrls_To_M4
 .text.Default_Handler
                0x08204ff0        0x2 ./wiseconnect3_sdk_3.3.0/components/device/silabs/si91x/mcu/core/chip/src/startup_si91x.o
                0x08204ff0                DebugMon_Handler
                0x08204ff0                IRQ031_Handler
                0x08204ff0                HardFault_Handler
                0x08204ff0                IRQ058_Handler
                0x08204ff0                IRQ095_Handler
                0x08204ff0                IRQ065_Handler
                0x08204ff0                IRQ019_Handler
                0x08204ff0                IRQ056_Handler
                0x08204ff0                IRQ093_Handler
                0x08204ff0                NMI_Handler
                0x08204ff0                IRQ011_Handler
                0x08204ff0                IRQ014_Handler
                0x08204ff0                IRQ051_Handler
                0x08204ff0                IRQ027_Handler
                0x08204ff0                IRQ062_Handler
                0x08204ff0                IRQ097_Handler
                0x08204ff0                IRQ088_Handler
                0x08204ff0                IRQ034_Handler
                0x08204ff0                IRQ071_Handler
                0x08204ff0                IRQ067_Handler
                0x08204ff0                IRQ070_Handler
                0x08204ff0                IRQ077_Handler
                0x08204ff0                IRQ028_Handler
                0x08204ff0                IRQ063_Handler
                0x08204ff0                IRQ076_Handler
                0x08204ff0                UsageFault_Handler
                0x08204ff0                IRQ023_Handler
                0x08204ff0                IRQ009_Handler
                0x08204ff0                IRQ048_Handler
                0x08204ff0                IRQ083_Handler
                0x08204ff0                IRQ089_Handler
                0x08204ff0                HIF1_IRQHandler
                0x08204ff0                IRQ037_Handler
                0x08204ff0                IRQ072_Handler
                0x08204ff0                IRQ021_Handler
                0x08204ff0                IRQ008_Handler
                0x08204ff0                IRQ047_Handler
                0x08204ff0                IRQ082_Handler
                0x08204ff0                IRQ022_Handler
                0x08204ff0                IRQ007_Handler
                0x08204ff0                IRQ046_Handler
                0x08204ff0                IRQ081_Handler
                0x08204ff0                IRQ004_Handler
                0x08204ff0                IRQ043_Handler
                0x08204ff0                IRQ002_Handler
                0x08204ff0                IRQ041_Handler
                0x08204ff0                IRQ098_Handler
                0x08204ff0                IRQ000_Handler
                0x08204ff0                IRQ005_Handler
                0x08204ff0                IRQ044_Handler
                0x08204ff0                IRQ049_Handler
                0x08204ff0                IRQ084_Handler
                0x08204ff0                IRQ006_Handler
                0x08204ff0                IRQ045_Handler
                0x08204ff0                IRQ080_Handler
                0x08204ff0                IRQ015_Handler
                0x08204ff0                IRQ052_Handler
                0x08204ff0                MemManage_Handler
                0x08204ff0                HIF2_IRQHandler
                0x08204ff0                IRQ001_Handler
                0x08204ff0                IRQ040_Handler
                0x08204ff0                IRQ068_Handler
                0x08204ff0                IRQ059_Handler
                0x08204ff0                IRQ096_Handler
                0x08204ff0                IRQ003_Handler
                0x08204ff0                IRQ042_Handler
                0x08204ff0                IRQ024_Handler
                0x08204ff0                IRQ016_Handler
                0x08204ff0                IRQ053_Handler
                0x08204ff0                IRQ090_Handler
                0x08204ff0                IRQ078_Handler
                0x08204ff0                IRQ032_Handler
                0x08204ff0                IRQ020_Handler
                0x08204ff0                IRQ073_Handler
                0x08204ff0                IRQ018_Handler
                0x08204ff0                IRQ055_Handler
                0x08204ff0                IRQ092_Handler
                0x08204ff0                IRQ087_Handler
                0x08204ff0                IRQ026_Handler
                0x08204ff0                IRQ061_Handler
                0x08204ff0                IRQ025_Handler
                0x08204ff0                IRQ060_Handler
                0x08204ff0                IRQ085_Handler
                0x08204ff0                IRQ013_Handler
                0x08204ff0                IRQ050_Handler
                0x08204ff0                IRQ030_Handler
                0x08204ff0                IRQ029_Handler
                0x08204ff0                IRQ064_Handler
                0x08204ff0                IRQ066_Handler
                0x08204ff0                IRQ017_Handler
                0x08204ff0                IRQ054_Handler
                0x08204ff0                IRQ091_Handler
                0x08204ff0                BusFault_Handler
                0x08204ff0                IRQ069_Handler
                0x08204ff0                IRQ075_Handler
                0x08204ff0                IRQ086_Handler
                0x08204ff0                IRQ057_Handler
                0x08204ff0                IRQ094_Handler
                0x08204ff0                IRQ079_Handler
 .text.Default_Reset_Handler
                0x08204ff2        0x2 ./wiseconnect3_sdk_3.3.0/components/device/silabs/si91x/mcu/core/chip/src/startup_si91x.o
                0x08204ff2                Default_Reset_Handler
                0x08204ff2                Reset_Handler
 .text.Copy_Table
                0x08204ff4       0x24 ./wiseconnect3_sdk_3.3.0/components/device/silabs/si91x/mcu/core/chip/src/startup_si91x.o
                0x08204ff4                Copy_Table
 .text.Zero_Table
                0x08205018       0x24 ./wiseconnect3_sdk_3.3.0/components/device/silabs/si91x/mcu/core/chip/src/startup_si91x.o
                0x08205018                Zero_Table
 .text.RSI_Default_Reset_Handler
                0x0820503c       0x16 ./wiseconnect3_sdk_3.3.0/components/device/silabs/si91x/mcu/core/chip/src/startup_si91x.o
                0x0820503c                RSI_Default_Reset_Handler
 *fill*         0x08205052        0x2 
 .text.SystemCoreClockUpdate
                0x08205054      0x118 ./wiseconnect3_sdk_3.3.0/components/device/silabs/si91x/mcu/core/chip/src/system_si91x.o
                0x08205054                SystemCoreClockUpdate
 .text.fpuInit  0x0820516c       0x44 ./wiseconnect3_sdk_3.3.0/components/device/silabs/si91x/mcu/core/chip/src/system_si91x.o
                0x0820516c                fpuInit
 .text.SystemInit
                0x082051b0       0xe4 ./wiseconnect3_sdk_3.3.0/components/device/silabs/si91x/mcu/core/chip/src/system_si91x.o
                0x082051b0                SystemInit
 .text.ARM_UART_SignalEvent
                0x08205294       0x24 ./wiseconnect3_sdk_3.3.0/components/device/silabs/si91x/mcu/core/common/src/rsi_debug.o
                0x08205294                ARM_UART_SignalEvent
 .text.Board_Debug_Init
                0x082052b8       0x5c ./wiseconnect3_sdk_3.3.0/components/device/silabs/si91x/mcu/core/common/src/rsi_debug.o
                0x082052b8                Board_Debug_Init
 .text.Board_UARTGetChar
                0x08205314       0x30 ./wiseconnect3_sdk_3.3.0/components/device/silabs/si91x/mcu/core/common/src/rsi_debug.o
                0x08205314                Board_UARTGetChar
 .text.Board_UARTPutChar
                0x08205344       0x30 ./wiseconnect3_sdk_3.3.0/components/device/silabs/si91x/mcu/core/common/src/rsi_debug.o
                0x08205344                Board_UARTPutChar
 .text.read_exclude_space
                0x08205374       0x20 ./wiseconnect3_sdk_3.3.0/components/device/silabs/si91x/mcu/core/common/src/syscalls.o
 .text._getpid  0x08205394        0x4 ./wiseconnect3_sdk_3.3.0/components/device/silabs/si91x/mcu/core/common/src/syscalls.o
                0x08205394                _getpid
 .text._kill    0x08205398       0x10 ./wiseconnect3_sdk_3.3.0/components/device/silabs/si91x/mcu/core/common/src/syscalls.o
                0x08205398                _kill
 .text._exit    0x082053a8        0xc ./wiseconnect3_sdk_3.3.0/components/device/silabs/si91x/mcu/core/common/src/syscalls.o
                0x082053a8                _exit
 .text._write   0x082053b4       0x44 ./wiseconnect3_sdk_3.3.0/components/device/silabs/si91x/mcu/core/common/src/syscalls.o
                0x082053b4                _write
 .text._close   0x082053f8        0x6 ./wiseconnect3_sdk_3.3.0/components/device/silabs/si91x/mcu/core/common/src/syscalls.o
                0x082053f8                _close
 .text._fstat   0x082053fe        0xa ./wiseconnect3_sdk_3.3.0/components/device/silabs/si91x/mcu/core/common/src/syscalls.o
                0x082053fe                _fstat
 .text._isatty  0x08205408        0x4 ./wiseconnect3_sdk_3.3.0/components/device/silabs/si91x/mcu/core/common/src/syscalls.o
                0x08205408                _isatty
 .text._lseek   0x0820540c        0x4 ./wiseconnect3_sdk_3.3.0/components/device/silabs/si91x/mcu/core/common/src/syscalls.o
                0x0820540c                _lseek
 .text._read    0x08205410      0x30c ./wiseconnect3_sdk_3.3.0/components/device/silabs/si91x/mcu/core/common/src/syscalls.o
                0x08205410                _read
 .text.sl_si91x_device_init_nvic
                0x0820571c       0x18 ./wiseconnect3_sdk_3.3.0/components/device/silabs/si91x/mcu/core/config/src/rsi_nvic_priorities_config.o
                0x0820571c                sl_si91x_device_init_nvic
 .text.ARM_USARTx_GetVersion
                0x08205734       0x20 ./wiseconnect3_sdk_3.3.0/components/device/silabs/si91x/mcu/drivers/cmsis_driver/USART.o
                0x08205734                ARM_USARTx_GetVersion
 .text.ARM_ULP_UART_GetCapabilities
                0x08205754        0xc ./wiseconnect3_sdk_3.3.0/components/device/silabs/si91x/mcu/drivers/cmsis_driver/USART.o
 .text.ARM_ULP_UART_GetModemStatus
                0x08205760        0xc ./wiseconnect3_sdk_3.3.0/components/device/silabs/si91x/mcu/drivers/cmsis_driver/USART.o
 .text.ARM_ULP_UART_SetModemControl
                0x0820576c        0xc ./wiseconnect3_sdk_3.3.0/components/device/silabs/si91x/mcu/drivers/cmsis_driver/USART.o
 .text.ARM_ULP_UART_GetStatus
                0x08205778        0xc ./wiseconnect3_sdk_3.3.0/components/device/silabs/si91x/mcu/drivers/cmsis_driver/USART.o
 .text.ARM_ULP_UART_Control
                0x08205784       0x34 ./wiseconnect3_sdk_3.3.0/components/device/silabs/si91x/mcu/drivers/cmsis_driver/USART.o
 .text.ARM_ULP_UART_GetRxCount
                0x082057b8        0xc ./wiseconnect3_sdk_3.3.0/components/device/silabs/si91x/mcu/drivers/cmsis_driver/USART.o
 .text.ARM_ULP_UART_GetTxCount
                0x082057c4        0xc ./wiseconnect3_sdk_3.3.0/components/device/silabs/si91x/mcu/drivers/cmsis_driver/USART.o
 .text.ARM_ULP_UART_Transfer
                0x082057d0       0x54 ./wiseconnect3_sdk_3.3.0/components/device/silabs/si91x/mcu/drivers/cmsis_driver/USART.o
 .text.ARM_ULP_UART_Receive
                0x08205824       0x48 ./wiseconnect3_sdk_3.3.0/components/device/silabs/si91x/mcu/drivers/cmsis_driver/USART.o
 .text.ARM_ULP_UART_Send
                0x0820586c       0x48 ./wiseconnect3_sdk_3.3.0/components/device/silabs/si91x/mcu/drivers/cmsis_driver/USART.o
 .text.ARM_ULP_UART_PowerControl
                0x082058b4       0x18 ./wiseconnect3_sdk_3.3.0/components/device/silabs/si91x/mcu/drivers/cmsis_driver/USART.o
 .text.ARM_ULP_UART_Uninitialize
                0x082058cc       0x1c ./wiseconnect3_sdk_3.3.0/components/device/silabs/si91x/mcu/drivers/cmsis_driver/USART.o
 .text.ARM_ULP_UART_Initialize
                0x082058e8       0x30 ./wiseconnect3_sdk_3.3.0/components/device/silabs/si91x/mcu/drivers/cmsis_driver/USART.o
 .text.IRQ038_Handler
                0x08205918        0xc ./wiseconnect3_sdk_3.3.0/components/device/silabs/si91x/mcu/drivers/cmsis_driver/USART.o
                0x08205918                IRQ038_Handler
 .text.IRQ039_Handler
                0x08205924        0xc ./wiseconnect3_sdk_3.3.0/components/device/silabs/si91x/mcu/drivers/cmsis_driver/USART.o
                0x08205924                IRQ039_Handler
 .text.IRQ012_Handler
                0x08205930        0xc ./wiseconnect3_sdk_3.3.0/components/device/silabs/si91x/mcu/drivers/cmsis_driver/USART.o
                0x08205930                IRQ012_Handler
 .text.RSI_ULPUartHandler
                0x0820593c        0x4 ./wiseconnect3_sdk_3.3.0/components/device/silabs/si91x/mcu/drivers/cmsis_driver/USART.o
                0x0820593c                RSI_ULPUartHandler
 .text.RSI_CLK_GetBaseClock
                0x08205940      0x50c ./wiseconnect3_sdk_3.3.0/components/device/silabs/si91x/mcu/drivers/peripheral_drivers/src/clock_update.o
                0x08205940                RSI_CLK_GetBaseClock
 .text.udma_init
                0x08205e4c       0x34 ./wiseconnect3_sdk_3.3.0/components/device/silabs/si91x/mcu/drivers/peripheral_drivers/src/rsi_udma.o
                0x08205e4c                udma_init
 .text.udma_setup_channel_transfer
                0x08205e80      0x168 ./wiseconnect3_sdk_3.3.0/components/device/silabs/si91x/mcu/drivers/peripheral_drivers/src/rsi_udma.o
                0x08205e80                udma_setup_channel_transfer
 .text.udma_interrupt_enable
                0x08205fe8       0x48 ./wiseconnect3_sdk_3.3.0/components/device/silabs/si91x/mcu/drivers/peripheral_drivers/src/rsi_udma.o
                0x08205fe8                udma_interrupt_enable
 .text.RSI_UDMA_AckEnable
                0x08206030       0x60 ./wiseconnect3_sdk_3.3.0/components/device/silabs/si91x/mcu/drivers/peripheral_drivers/src/rsi_udma.o
                0x08206030                RSI_UDMA_AckEnable
 .text.udma_setup_channel
                0x08206090       0x74 ./wiseconnect3_sdk_3.3.0/components/device/silabs/si91x/mcu/drivers/peripheral_drivers/src/rsi_udma.o
                0x08206090                udma_setup_channel
 .text.uDMAx_Initialize
                0x08206104       0xf0 ./wiseconnect3_sdk_3.3.0/components/device/silabs/si91x/mcu/drivers/peripheral_drivers/src/rsi_udma_wrapper.o
                0x08206104                uDMAx_Initialize
 .text.uDMAx_Uninitialize
                0x082061f4       0x94 ./wiseconnect3_sdk_3.3.0/components/device/silabs/si91x/mcu/drivers/peripheral_drivers/src/rsi_udma_wrapper.o
                0x082061f4                uDMAx_Uninitialize
 .text.uDMAx_ChannelConfigure
                0x08206288       0xd4 ./wiseconnect3_sdk_3.3.0/components/device/silabs/si91x/mcu/drivers/peripheral_drivers/src/rsi_udma_wrapper.o
                0x08206288                uDMAx_ChannelConfigure
 .text.uDMAx_ChannelEnable
                0x0820635c       0x10 ./wiseconnect3_sdk_3.3.0/components/device/silabs/si91x/mcu/drivers/peripheral_drivers/src/rsi_udma_wrapper.o
                0x0820635c                uDMAx_ChannelEnable
 .text.uDMAx_DMAEnable
                0x0820636c        0xe ./wiseconnect3_sdk_3.3.0/components/device/silabs/si91x/mcu/drivers/peripheral_drivers/src/rsi_udma_wrapper.o
                0x0820636c                uDMAx_DMAEnable
 .text.uDMAx_ChannelDisable
                0x0820637a       0x10 ./wiseconnect3_sdk_3.3.0/components/device/silabs/si91x/mcu/drivers/peripheral_drivers/src/rsi_udma_wrapper.o
                0x0820637a                uDMAx_ChannelDisable
 *fill*         0x0820638a        0x2 
 .text.RSI_EGPIO_SetPinMux
                0x0820638c       0x14 ./wiseconnect3_sdk_3.3.0/components/device/silabs/si91x/mcu/drivers/peripheral_drivers/src/rsi_usart.o
 .text.RSI_EGPIO_HostPadsGpioModeEnable
                0x082063a0       0x10 ./wiseconnect3_sdk_3.3.0/components/device/silabs/si91x/mcu/drivers/peripheral_drivers/src/rsi_usart.o
 .text.RSI_EGPIO_PadSelectionEnable
                0x082063b0       0x10 ./wiseconnect3_sdk_3.3.0/components/device/silabs/si91x/mcu/drivers/peripheral_drivers/src/rsi_usart.o
 .text.RSI_EGPIO_PadReceiverEnable
                0x082063c0       0x10 ./wiseconnect3_sdk_3.3.0/components/device/silabs/si91x/mcu/drivers/peripheral_drivers/src/rsi_usart.o
 .text.RSI_EGPIO_UlpPadReceiverEnable
                0x082063d0       0x10 ./wiseconnect3_sdk_3.3.0/components/device/silabs/si91x/mcu/drivers/peripheral_drivers/src/rsi_usart.o
 .text.UartIrqHandler
                0x082063e0      0x1f0 ./wiseconnect3_sdk_3.3.0/components/device/silabs/si91x/mcu/drivers/peripheral_drivers/src/rsi_usart.o
                0x082063e0                UartIrqHandler
 .text.USART_SetBaudrate
                0x082065d0       0x50 ./wiseconnect3_sdk_3.3.0/components/device/silabs/si91x/mcu/drivers/peripheral_drivers/src/rsi_usart.o
                0x082065d0                USART_SetBaudrate
 .text.USART_Initialize
                0x08206620      0x11c ./wiseconnect3_sdk_3.3.0/components/device/silabs/si91x/mcu/drivers/peripheral_drivers/src/rsi_usart.o
                0x08206620                USART_Initialize
 .text.USART_Uninitialize
                0x0820673c       0x9c ./wiseconnect3_sdk_3.3.0/components/device/silabs/si91x/mcu/drivers/peripheral_drivers/src/rsi_usart.o
                0x0820673c                USART_Uninitialize
 .text.USART_PowerControl
                0x082067d8      0x150 ./wiseconnect3_sdk_3.3.0/components/device/silabs/si91x/mcu/drivers/peripheral_drivers/src/rsi_usart.o
                0x082067d8                USART_PowerControl
 .text.USART_Send_Data
                0x08206928      0x148 ./wiseconnect3_sdk_3.3.0/components/device/silabs/si91x/mcu/drivers/peripheral_drivers/src/rsi_usart.o
                0x08206928                USART_Send_Data
 .text.USART_Receive_Data
                0x08206a70      0x12c ./wiseconnect3_sdk_3.3.0/components/device/silabs/si91x/mcu/drivers/peripheral_drivers/src/rsi_usart.o
                0x08206a70                USART_Receive_Data
 .text.USART_Transfer
                0x08206b9c       0x72 ./wiseconnect3_sdk_3.3.0/components/device/silabs/si91x/mcu/drivers/peripheral_drivers/src/rsi_usart.o
                0x08206b9c                USART_Transfer
 .text.USART_GetTxCount
                0x08206c0e        0x6 ./wiseconnect3_sdk_3.3.0/components/device/silabs/si91x/mcu/drivers/peripheral_drivers/src/rsi_usart.o
                0x08206c0e                USART_GetTxCount
 .text.USART_GetRxCount
                0x08206c14        0x6 ./wiseconnect3_sdk_3.3.0/components/device/silabs/si91x/mcu/drivers/peripheral_drivers/src/rsi_usart.o
                0x08206c14                USART_GetRxCount
 *fill*         0x08206c1a        0x2 
 .text.USART_Control
                0x08206c1c      0x8e8 ./wiseconnect3_sdk_3.3.0/components/device/silabs/si91x/mcu/drivers/peripheral_drivers/src/rsi_usart.o
                0x08206c1c                USART_Control
 .text.USART_GetStatus
                0x08207504       0x42 ./wiseconnect3_sdk_3.3.0/components/device/silabs/si91x/mcu/drivers/peripheral_drivers/src/rsi_usart.o
                0x08207504                USART_GetStatus
 *fill*         0x08207546        0x2 
 .text.USART_SetModemControl
                0x08207548       0x84 ./wiseconnect3_sdk_3.3.0/components/device/silabs/si91x/mcu/drivers/peripheral_drivers/src/rsi_usart.o
                0x08207548                USART_SetModemControl
 .text.USART_GetModemStatus
                0x082075cc       0x5c ./wiseconnect3_sdk_3.3.0/components/device/silabs/si91x/mcu/drivers/peripheral_drivers/src/rsi_usart.o
                0x082075cc                USART_GetModemStatus
 .text.RSI_IPMU_UpdateIpmuCalibData_efuse
                0x08207628      0x300 ./wiseconnect3_sdk_3.3.0/components/device/silabs/si91x/mcu/drivers/systemlevel/src/rsi_ipmu.o
                0x08207628                RSI_IPMU_UpdateIpmuCalibData_efuse
 .text.RSI_Ipmu_Init
                0x08207928        0x4 ./wiseconnect3_sdk_3.3.0/components/device/silabs/si91x/mcu/drivers/systemlevel/src/rsi_ipmu.o
                0x08207928                RSI_Ipmu_Init
 .text.RSI_Configure_Ipmu_Mode
                0x0820792c        0x6 ./wiseconnect3_sdk_3.3.0/components/device/silabs/si91x/mcu/drivers/systemlevel/src/rsi_ipmu.o
                0x0820792c                RSI_Configure_Ipmu_Mode
 *fill*         0x08207932        0x2 
 .text.RSI_IPMU_ClockMuxSel
                0x08207934       0x40 ./wiseconnect3_sdk_3.3.0/components/device/silabs/si91x/mcu/drivers/systemlevel/src/rsi_ipmu.o
                0x08207934                RSI_IPMU_ClockMuxSel
 .text.RSI_IPMU_ProgramConfigData
                0x08207974       0xea ./wiseconnect3_sdk_3.3.0/components/device/silabs/si91x/mcu/drivers/systemlevel/src/rsi_ipmu.o
                0x08207974                RSI_IPMU_ProgramConfigData
 *fill*         0x08207a5e        0x2 
 .text.RSI_IPMU_Retn_Voltage_Reduction
                0x08207a60       0x14 ./wiseconnect3_sdk_3.3.0/components/device/silabs/si91x/mcu/drivers/systemlevel/src/rsi_ipmu.o
                0x08207a60                RSI_IPMU_Retn_Voltage_Reduction
 .text.RSI_IPMU_Retn_Voltage_To_Default
                0x08207a74       0x10 ./wiseconnect3_sdk_3.3.0/components/device/silabs/si91x/mcu/drivers/systemlevel/src/rsi_ipmu.o
                0x08207a74                RSI_IPMU_Retn_Voltage_To_Default
 .text.RSI_IPMU_Set_Higher_Pwm_Ro_Frequency_Mode_to_PMU
                0x08207a84       0x14 ./wiseconnect3_sdk_3.3.0/components/device/silabs/si91x/mcu/drivers/systemlevel/src/rsi_ipmu.o
                0x08207a84                RSI_IPMU_Set_Higher_Pwm_Ro_Frequency_Mode_to_PMU
 .text.RSI_IPMU_M32rc_OscTrimEfuse
                0x08207a98       0x28 ./wiseconnect3_sdk_3.3.0/components/device/silabs/si91x/mcu/drivers/systemlevel/src/rsi_ipmu.o
                0x08207a98                RSI_IPMU_M32rc_OscTrimEfuse
 .text.RSI_IPMU_DBLR32M_TrimEfuse
                0x08207ac0       0x18 ./wiseconnect3_sdk_3.3.0/components/device/silabs/si91x/mcu/drivers/systemlevel/src/rsi_ipmu.o
                0x08207ac0                RSI_IPMU_DBLR32M_TrimEfuse
 .text.RSI_IPMU_M20roOsc_TrimEfuse
                0x08207ad8       0x28 ./wiseconnect3_sdk_3.3.0/components/device/silabs/si91x/mcu/drivers/systemlevel/src/rsi_ipmu.o
                0x08207ad8                RSI_IPMU_M20roOsc_TrimEfuse
 .text.RSI_IPMU_RO32khz_TrimEfuse
                0x08207b00       0x18 ./wiseconnect3_sdk_3.3.0/components/device/silabs/si91x/mcu/drivers/systemlevel/src/rsi_ipmu.o
                0x08207b00                RSI_IPMU_RO32khz_TrimEfuse
 .text.RSI_IPMU_RC32khz_TrimEfuse
                0x08207b18       0x18 ./wiseconnect3_sdk_3.3.0/components/device/silabs/si91x/mcu/drivers/systemlevel/src/rsi_ipmu.o
                0x08207b18                RSI_IPMU_RC32khz_TrimEfuse
 .text._usdelay
                0x08207b30        0x6 ./wiseconnect3_sdk_3.3.0/components/device/silabs/si91x/mcu/drivers/systemlevel/src/rsi_pll.o
 *fill*         0x08207b36        0x2 
 .text.ulpss_enable_ref_clks
                0x08207b38       0xf8 ./wiseconnect3_sdk_3.3.0/components/device/silabs/si91x/mcu/drivers/systemlevel/src/rsi_pll.o
                0x08207b38                ulpss_enable_ref_clks
 .text.clk_m4ss_ref_clk_config
                0x08207c30       0xcc ./wiseconnect3_sdk_3.3.0/components/device/silabs/si91x/mcu/drivers/systemlevel/src/rsi_pll.o
                0x08207c30                clk_m4ss_ref_clk_config
 .text.ulpss_ref_clk_config
                0x08207cfc       0xbc ./wiseconnect3_sdk_3.3.0/components/device/silabs/si91x/mcu/drivers/systemlevel/src/rsi_ulpss_clk.o
                0x08207cfc                ulpss_ref_clk_config
 .text.sl_mv_m4_app_from_flash_to_ram
                0x08207db8       0x50 ./wiseconnect3_sdk_3.3.0/components/device/silabs/si91x/wireless/ahb_interface/src/rsi_hal_mcu_m4_ram.o
                0x08207db8                sl_mv_m4_app_from_flash_to_ram
 .text.sli_si91x_raise_pkt_pending_interrupt_to_ta
                0x08207e08       0x20 ./wiseconnect3_sdk_3.3.0/components/device/silabs/si91x/wireless/ahb_interface/src/rsi_hal_mcu_m4_rom.o
                0x08207e08                sli_si91x_raise_pkt_pending_interrupt_to_ta
 .text.raise_m4_to_ta_interrupt
                0x08207e28        0xc ./wiseconnect3_sdk_3.3.0/components/device/silabs/si91x/wireless/ahb_interface/src/rsi_hal_mcu_m4_rom.o
                0x08207e28                raise_m4_to_ta_interrupt
 .text.mask_ta_interrupt
                0x08207e34        0xc ./wiseconnect3_sdk_3.3.0/components/device/silabs/si91x/wireless/ahb_interface/src/rsi_hal_mcu_m4_rom.o
                0x08207e34                mask_ta_interrupt
 .text.sli_receive_from_ta_done_isr
                0x08207e40       0x20 ./wiseconnect3_sdk_3.3.0/components/device/silabs/si91x/wireless/ahb_interface/src/rsi_hal_mcu_m4_rom.o
                0x08207e40                sli_receive_from_ta_done_isr
 .text.sli_m4_interrupt_isr
                0x08207e60       0xa0 ./wiseconnect3_sdk_3.3.0/components/device/silabs/si91x/wireless/ahb_interface/src/rsi_hal_mcu_m4_rom.o
                0x08207e60                sli_m4_interrupt_isr
 .text.sl_si91x_bus_read_interrupt_status
                0x08207f00       0x10 ./wiseconnect3_sdk_3.3.0/components/device/silabs/si91x/wireless/ahb_interface/src/rsi_hal_mcu_m4_rom.o
                0x08207f00                sl_si91x_bus_read_interrupt_status
 .text.si91x_req_wakeup
                0x08207f10       0x20 ./wiseconnect3_sdk_3.3.0/components/device/silabs/si91x/wireless/ahb_interface/src/rsi_hal_mcu_m4_rom.o
                0x08207f10                si91x_req_wakeup
 .text.sl_si91x_host_clear_sleep_indicator
                0x08207f30       0x14 ./wiseconnect3_sdk_3.3.0/components/device/silabs/si91x/wireless/ahb_interface/src/rsi_hal_mcu_m4_rom.o
                0x08207f30                sl_si91x_host_clear_sleep_indicator
 .text.IRQ074_Handler
                0x08207f44        0x4 ./wiseconnect3_sdk_3.3.0/components/device/silabs/si91x/wireless/ahb_interface/src/rsi_hal_mcu_m4_rom.o
                0x08207f44                IRQ074_Handler
 .text.sl_si91x_ta_events_init
                0x08207f48       0x14 ./wiseconnect3_sdk_3.3.0/components/device/silabs/si91x/wireless/ahb_interface/src/rsi_hal_mcu_m4_rom.o
                0x08207f48                sl_si91x_ta_events_init
 .text.sli_si91x_platform_init
                0x08207f5c       0x5c ./wiseconnect3_sdk_3.3.0/components/device/silabs/si91x/wireless/ahb_interface/src/sl_platform.o
                0x08207f5c                sli_si91x_platform_init
 .text.si91x_bootup_firmware
                0x08207fb8       0x94 ./wiseconnect3_sdk_3.3.0/components/device/silabs/si91x/wireless/ahb_interface/src/sl_platform.o
                0x08207fb8                si91x_bootup_firmware
 .text.sli_si91x_configure_wireless_frontend_controls
                0x0820804c       0x44 ./wiseconnect3_sdk_3.3.0/components/device/silabs/si91x/wireless/ahb_interface/src/sl_platform_wireless.o
                0x0820804c                sli_si91x_configure_wireless_frontend_controls
 .text.sli_si91x_submit_rx_pkt
                0x08208090       0x84 ./wiseconnect3_sdk_3.3.0/components/device/silabs/si91x/wireless/ahb_interface/src/sl_si91x_bus.o
                0x08208090                sli_si91x_submit_rx_pkt
 .text.sl_si91x_bus_read_frame
                0x08208114        0x8 ./wiseconnect3_sdk_3.3.0/components/device/silabs/si91x/wireless/ahb_interface/src/sl_si91x_bus.o
                0x08208114                sl_si91x_bus_read_frame
 .text.sl_si91x_bus_write_frame
                0x0820811c       0x24 ./wiseconnect3_sdk_3.3.0/components/device/silabs/si91x/wireless/ahb_interface/src/sl_si91x_bus.o
                0x0820811c                sl_si91x_bus_write_frame
 .text.sli_submit_rx_buffer
                0x08208140       0x16 ./wiseconnect3_sdk_3.3.0/components/device/silabs/si91x/wireless/ahb_interface/src/sl_si91x_bus.o
                0x08208140                sli_submit_rx_buffer
 *fill*         0x08208156        0x2 
 .text.rsi_update_tx_dma_desc
                0x08208158       0x28 ./wiseconnect3_sdk_3.3.0/components/device/silabs/si91x/wireless/ahb_interface/src/sl_si91x_bus.o
                0x08208158                rsi_update_tx_dma_desc
 .text.rsi_update_rx_dma_desc
                0x08208180       0x10 ./wiseconnect3_sdk_3.3.0/components/device/silabs/si91x/wireless/ahb_interface/src/sl_si91x_bus.o
                0x08208180                rsi_update_rx_dma_desc
 .text.sli_si91x_config_m4_dma_desc_on_reset
                0x08208190       0x48 ./wiseconnect3_sdk_3.3.0/components/device/silabs/si91x/wireless/ahb_interface/src/sl_si91x_bus.o
                0x08208190                sli_si91x_config_m4_dma_desc_on_reset
 .text.rsi_waitfor_boardready
                0x082081d8       0x44 ./wiseconnect3_sdk_3.3.0/components/device/silabs/si91x/wireless/ahb_interface/src/sli_siwx917_soc.o
                0x082081d8                rsi_waitfor_boardready
 .text.rsi_select_option
                0x0820821c       0x80 ./wiseconnect3_sdk_3.3.0/components/device/silabs/si91x/wireless/ahb_interface/src/sli_siwx917_soc.o
                0x0820821c                rsi_select_option
 .text.unmask_ta_interrupt
                0x0820829c        0xc ./wiseconnect3_sdk_3.3.0/components/device/silabs/si91x/wireless/ahb_interface/src/sli_siwx917_soc.o
                0x0820829c                unmask_ta_interrupt
 .text.sli_m4_ta_interrupt_init
                0x082082a8       0x2c ./wiseconnect3_sdk_3.3.0/components/device/silabs/si91x/wireless/ahb_interface/src/sli_siwx917_soc.o
                0x082082a8                sli_m4_ta_interrupt_init
 .text.sl_si91x_errno
                0x082082d4       0x1c ./wiseconnect3_sdk_3.3.0/components/device/silabs/si91x/wireless/errno/src/sl_si91x_errno.o
                0x082082d4                sl_si91x_errno
 .text.sl_si91x_bus_rx_irq_handler
                0x082082f0        0x4 ./wiseconnect3_sdk_3.3.0/components/device/silabs/si91x/wireless/host_mcu/si91x/siwx917_soc_ncp_host.o
                0x082082f0                sl_si91x_bus_rx_irq_handler
 .text.sl_si91x_bus_rx_done_handler
                0x082082f4        0x2 ./wiseconnect3_sdk_3.3.0/components/device/silabs/si91x/wireless/host_mcu/si91x/siwx917_soc_ncp_host.o
                0x082082f4                sl_si91x_bus_rx_done_handler
 .text.sl_si91x_bus_init
                0x082082f6        0x4 ./wiseconnect3_sdk_3.3.0/components/device/silabs/si91x/wireless/host_mcu/si91x/siwx917_soc_ncp_host.o
                0x082082f6                sl_si91x_bus_init
 .text.sl_si91x_host_init
                0x082082fa        0xa ./wiseconnect3_sdk_3.3.0/components/device/silabs/si91x/wireless/host_mcu/si91x/siwx917_soc_ncp_host.o
                0x082082fa                sl_si91x_host_init
 .text.sl_si91x_host_hold_in_reset
                0x08208304        0x2 ./wiseconnect3_sdk_3.3.0/components/device/silabs/si91x/wireless/host_mcu/si91x/siwx917_soc_ncp_host.o
                0x08208304                sl_si91x_host_hold_in_reset
 .text.sl_si91x_host_release_from_reset
                0x08208306        0x2 ./wiseconnect3_sdk_3.3.0/components/device/silabs/si91x/wireless/host_mcu/si91x/siwx917_soc_ncp_host.o
                0x08208306                sl_si91x_host_release_from_reset
 .text.sl_si91x_host_enable_bus_interrupt
                0x08208308        0x2 ./wiseconnect3_sdk_3.3.0/components/device/silabs/si91x/wireless/host_mcu/si91x/siwx917_soc_ncp_host.o
                0x08208308                sl_si91x_host_enable_bus_interrupt
 *fill*         0x0820830a        0x2 
 .text.sl_si91x_host_is_in_irq_context
                0x0820830c       0x14 ./wiseconnect3_sdk_3.3.0/components/device/silabs/si91x/wireless/host_mcu/si91x/siwx917_soc_ncp_host.o
                0x0820830c                sl_si91x_host_is_in_irq_context
 .text.sl_si91x_host_init_buffer_manager
                0x08208320       0xa8 ./wiseconnect3_sdk_3.3.0/components/device/silabs/si91x/wireless/memory/mem_pool_buffer_quota.o
                0x08208320                sl_si91x_host_init_buffer_manager
 .text.sl_si91x_host_allocate_buffer
                0x082083c8       0x8c ./wiseconnect3_sdk_3.3.0/components/device/silabs/si91x/wireless/memory/mem_pool_buffer_quota.o
                0x082083c8                sl_si91x_host_allocate_buffer
 .text.sl_si91x_host_get_buffer_data
                0x08208454       0x16 ./wiseconnect3_sdk_3.3.0/components/device/silabs/si91x/wireless/memory/mem_pool_buffer_quota.o
                0x08208454                sl_si91x_host_get_buffer_data
 *fill*         0x0820846a        0x2 
 .text.sl_si91x_host_free_buffer
                0x0820846c       0x2c ./wiseconnect3_sdk_3.3.0/components/device/silabs/si91x/wireless/memory/mem_pool_buffer_quota.o
                0x0820846c                sl_si91x_host_free_buffer
 .text.convert_si91x_dns_response
                0x08208498       0x2a ./wiseconnect3_sdk_3.3.0/components/device/silabs/si91x/wireless/sl_net/src/sl_net_rsi_utility.o
                0x08208498                convert_si91x_dns_response
 .text.convert_si91x_event_to_sl_net_event
                0x082084c2       0x3c ./wiseconnect3_sdk_3.3.0/components/device/silabs/si91x/wireless/sl_net/src/sl_net_rsi_utility.o
                0x082084c2                convert_si91x_event_to_sl_net_event
 .text.si91x_node_free_function
                0x082084fe        0x4 ./wiseconnect3_sdk_3.3.0/components/device/silabs/si91x/wireless/sl_net/src/sl_net_si91x_integration_handler.o
 *fill*         0x08208502        0x2 
 .text.sl_net_si91x_event_dispatch_handler
                0x08208504       0x7c ./wiseconnect3_sdk_3.3.0/components/device/silabs/si91x/wireless/sl_net/src/sl_net_si91x_integration_handler.o
                0x08208504                sl_net_si91x_event_dispatch_handler
 .text.sl_si91x_host_get_credentials
                0x08208580       0x4a ./wiseconnect3_sdk_3.3.0/components/device/silabs/si91x/wireless/sl_net/src/sl_si91x_net_credentials.o
                0x08208580                sl_si91x_host_get_credentials
 *fill*         0x082085ca        0x2 
 .text.sl_si91x_configure_ip_address
                0x082085cc      0x1a0 ./wiseconnect3_sdk_3.3.0/components/device/silabs/si91x/wireless/sl_net/src/sl_si91x_net_internal_stack.o
                0x082085cc                sl_si91x_configure_ip_address
 .text.get_wifi_current_performance_profile
                0x0820876c       0x2c ./wiseconnect3_sdk_3.3.0/components/device/silabs/si91x/wireless/src/sl_rsi_utility.o
                0x0820876c                get_wifi_current_performance_profile
 .text.reset_coex_current_performance_profile
                0x08208798       0x10 ./wiseconnect3_sdk_3.3.0/components/device/silabs/si91x/wireless/src/sl_rsi_utility.o
                0x08208798                reset_coex_current_performance_profile
 .text.save_tcp_auto_close_choice
                0x082087a8        0xc ./wiseconnect3_sdk_3.3.0/components/device/silabs/si91x/wireless/src/sl_rsi_utility.o
                0x082087a8                save_tcp_auto_close_choice
 .text.get_max_tx_power
                0x082087b4       0x24 ./wiseconnect3_sdk_3.3.0/components/device/silabs/si91x/wireless/src/sl_rsi_utility.o
                0x082087b4                get_max_tx_power
 .text.set_card_ready_required
                0x082087d8        0xc ./wiseconnect3_sdk_3.3.0/components/device/silabs/si91x/wireless/src/sl_rsi_utility.o
                0x082087d8                set_card_ready_required
 .text.get_card_ready_required
                0x082087e4        0xc ./wiseconnect3_sdk_3.3.0/components/device/silabs/si91x/wireless/src/sl_rsi_utility.o
                0x082087e4                get_card_ready_required
 .text.save_coex_mode
                0x082087f0        0xc ./wiseconnect3_sdk_3.3.0/components/device/silabs/si91x/wireless/src/sl_rsi_utility.o
                0x082087f0                save_coex_mode
 .text.convert_si91x_event_to_sl_wifi_event
                0x082087fc      0x198 ./wiseconnect3_sdk_3.3.0/components/device/silabs/si91x/wireless/src/sl_rsi_utility.o
                0x082087fc                convert_si91x_event_to_sl_wifi_event
 .text.get_saved_sl_wifi_rate
                0x08208994       0x14 ./wiseconnect3_sdk_3.3.0/components/device/silabs/si91x/wireless/src/sl_rsi_utility.o
                0x08208994                get_saved_sl_wifi_rate
 .text.save_ap_configuration
                0x082089a8       0x28 ./wiseconnect3_sdk_3.3.0/components/device/silabs/si91x/wireless/src/sl_rsi_utility.o
                0x082089a8                save_ap_configuration
 .text.convert_sl_wifi_to_sl_si91x_encryption
                0x082089d0       0x20 ./wiseconnect3_sdk_3.3.0/components/device/silabs/si91x/wireless/src/sl_rsi_utility.o
                0x082089d0                convert_sl_wifi_to_sl_si91x_encryption
 .text.sl_si91x_platform_init
                0x082089f0       0xec ./wiseconnect3_sdk_3.3.0/components/device/silabs/si91x/wireless/src/sl_rsi_utility.o
                0x082089f0                sl_si91x_platform_init
 .text.sl_si91x_host_set_event
                0x08208adc       0x10 ./wiseconnect3_sdk_3.3.0/components/device/silabs/si91x/wireless/src/sl_rsi_utility.o
                0x08208adc                sl_si91x_host_set_event
 .text.sl_si91x_host_set_bus_event
                0x08208aec       0x10 ./wiseconnect3_sdk_3.3.0/components/device/silabs/si91x/wireless/src/sl_rsi_utility.o
                0x08208aec                sl_si91x_host_set_bus_event
 .text.sl_si91x_host_set_async_event
                0x08208afc       0x10 ./wiseconnect3_sdk_3.3.0/components/device/silabs/si91x/wireless/src/sl_rsi_utility.o
                0x08208afc                sl_si91x_host_set_async_event
 .text.sl_si91x_host_add_to_queue
                0x08208b0c       0x50 ./wiseconnect3_sdk_3.3.0/components/device/silabs/si91x/wireless/src/sl_rsi_utility.o
                0x08208b0c                sl_si91x_host_add_to_queue
 .text.sl_si91x_host_add_to_queue_with_atomic_action
                0x08208b5c       0x58 ./wiseconnect3_sdk_3.3.0/components/device/silabs/si91x/wireless/src/sl_rsi_utility.o
                0x08208b5c                sl_si91x_host_add_to_queue_with_atomic_action
 .text.sl_si91x_host_remove_from_queue
                0x08208bb4       0x58 ./wiseconnect3_sdk_3.3.0/components/device/silabs/si91x/wireless/src/sl_rsi_utility.o
                0x08208bb4                sl_si91x_host_remove_from_queue
 .text.sl_si91x_host_remove_node_from_queue
                0x08208c0c       0x98 ./wiseconnect3_sdk_3.3.0/components/device/silabs/si91x/wireless/src/sl_rsi_utility.o
                0x08208c0c                sl_si91x_host_remove_node_from_queue
 .text.sl_si91x_flush_queue_based_on_type
                0x08208ca4      0x10c ./wiseconnect3_sdk_3.3.0/components/device/silabs/si91x/wireless/src/sl_rsi_utility.o
                0x08208ca4                sl_si91x_flush_queue_based_on_type
 .text.sl_si91x_host_queue_status
                0x08208db0       0x34 ./wiseconnect3_sdk_3.3.0/components/device/silabs/si91x/wireless/src/sl_rsi_utility.o
                0x08208db0                sl_si91x_host_queue_status
 .text.si91x_host_wait_for_event
                0x08208de4       0x2c ./wiseconnect3_sdk_3.3.0/components/device/silabs/si91x/wireless/src/sl_rsi_utility.o
                0x08208de4                si91x_host_wait_for_event
 .text.si91x_host_wait_for_bus_event
                0x08208e10       0x20 ./wiseconnect3_sdk_3.3.0/components/device/silabs/si91x/wireless/src/sl_rsi_utility.o
                0x08208e10                si91x_host_wait_for_bus_event
 .text.si91x_host_wait_for_async_event
                0x08208e30       0x2c ./wiseconnect3_sdk_3.3.0/components/device/silabs/si91x/wireless/src/sl_rsi_utility.o
                0x08208e30                si91x_host_wait_for_async_event
 .text.si91x_host_clear_events
                0x08208e5c       0x18 ./wiseconnect3_sdk_3.3.0/components/device/silabs/si91x/wireless/src/sl_rsi_utility.o
                0x08208e5c                si91x_host_clear_events
 .text.sl_si91x_host_power_cycle
                0x08208e74       0x1a ./wiseconnect3_sdk_3.3.0/components/device/silabs/si91x/wireless/src/sl_rsi_utility.o
                0x08208e74                sl_si91x_host_power_cycle
 *fill*         0x08208e8e        0x2 
 .text.sli_si91x_update_flash_command_status
                0x08208e90        0xc ./wiseconnect3_sdk_3.3.0/components/device/silabs/si91x/wireless/src/sl_rsi_utility.o
                0x08208e90                sli_si91x_update_flash_command_status
 .text.sl_si91x_register_event_handler
                0x08208e9c        0xc ./wiseconnect3_sdk_3.3.0/components/device/silabs/si91x/wireless/src/sl_si91x_callback_framework.o
                0x08208e9c                sl_si91x_register_event_handler
 .text.sl_si91x_default_handler
                0x08208ea8       0x94 ./wiseconnect3_sdk_3.3.0/components/device/silabs/si91x/wireless/src/sl_si91x_callback_framework.o
                0x08208ea8                sl_si91x_default_handler
 .text.sl_si91x_atomic_packet_id_allocator
                0x08208f3c       0x12 ./wiseconnect3_sdk_3.3.0/components/device/silabs/si91x/wireless/src/sl_si91x_driver.o
 .text.si91x_packet_identification_function
                0x08208f4e       0x20 ./wiseconnect3_sdk_3.3.0/components/device/silabs/si91x/wireless/src/sl_si91x_driver.o
 *fill*         0x08208f6e        0x2 
 .text.sl_si91x_driver_wait_for_response_packet
                0x08208f70       0xa4 ./wiseconnect3_sdk_3.3.0/components/device/silabs/si91x/wireless/src/sl_si91x_driver.o
                0x08208f70                sl_si91x_driver_wait_for_response_packet
 .text.sl_si91x_allocate_command_buffer
                0x08209014       0x24 ./wiseconnect3_sdk_3.3.0/components/device/silabs/si91x/wireless/src/sl_si91x_driver.o
                0x08209014                sl_si91x_allocate_command_buffer
 .text.sl_si91x_driver_send_command_packet
                0x08209038      0x12c ./wiseconnect3_sdk_3.3.0/components/device/silabs/si91x/wireless/src/sl_si91x_driver.o
                0x08209038                sl_si91x_driver_send_command_packet
 .text.sl_si91x_driver_send_command.part.0
                0x08209164       0x5e ./wiseconnect3_sdk_3.3.0/components/device/silabs/si91x/wireless/src/sl_si91x_driver.o
 .text.sl_si91x_driver_send_command
                0x082091c2       0x1e ./wiseconnect3_sdk_3.3.0/components/device/silabs/si91x/wireless/src/sl_si91x_driver.o
                0x082091c2                sl_si91x_driver_send_command
 .text.sl_si91x_get_flash_efuse_data
                0x082091e0       0x78 ./wiseconnect3_sdk_3.3.0/components/device/silabs/si91x/wireless/src/sl_si91x_driver.o
                0x082091e0                sl_si91x_get_flash_efuse_data
 .text.sl_si91x_set_device_region
                0x08209258      0x308 ./wiseconnect3_sdk_3.3.0/components/device/silabs/si91x/wireless/src/sl_si91x_driver.o
                0x08209258                sl_si91x_set_device_region
 .text.get_opermode
                0x08209560        0xc ./wiseconnect3_sdk_3.3.0/components/device/silabs/si91x/wireless/src/sl_si91x_driver.o
                0x08209560                get_opermode
 .text.sl_si91x_get_join_configuration
                0x0820956c       0x2c ./wiseconnect3_sdk_3.3.0/components/device/silabs/si91x/wireless/src/sl_si91x_driver.o
                0x0820956c                sl_si91x_get_join_configuration
 .text.sl_si91x_get_listen_interval
                0x08209598        0xc ./wiseconnect3_sdk_3.3.0/components/device/silabs/si91x/wireless/src/sl_si91x_driver.o
                0x08209598                sl_si91x_get_listen_interval
 .text.sl_si91x_configure_timeout
                0x082095a4       0x38 ./wiseconnect3_sdk_3.3.0/components/device/silabs/si91x/wireless/src/sl_si91x_driver.o
                0x082095a4                sl_si91x_configure_timeout
 .text.sl_si91x_driver_init_wifi_radio
                0x082095dc       0xd8 ./wiseconnect3_sdk_3.3.0/components/device/silabs/si91x/wireless/src/sl_si91x_driver.o
                0x082095dc                sl_si91x_driver_init_wifi_radio
 .text.sl_si91x_driver_init
                0x082096b4      0x240 ./wiseconnect3_sdk_3.3.0/components/device/silabs/si91x/wireless/src/sl_si91x_driver.o
                0x082096b4                sl_si91x_driver_init
 .text.sl_create_generic_rx_packet_from_params
                0x082098f4       0x70 ./wiseconnect3_sdk_3.3.0/components/device/silabs/si91x/wireless/threading/sli_si91x_multithreaded.o
                0x082098f4                sl_create_generic_rx_packet_from_params
 .text.handle_dhcp_and_rejoin_failure
                0x08209964       0xc8 ./wiseconnect3_sdk_3.3.0/components/device/silabs/si91x/wireless/threading/sli_si91x_multithreaded.o
                0x08209964                handle_dhcp_and_rejoin_failure
 .text.si91x_event_handler_thread
                0x08209a2c       0xf4 ./wiseconnect3_sdk_3.3.0/components/device/silabs/si91x/wireless/threading/sli_si91x_multithreaded.o
                0x08209a2c                si91x_event_handler_thread
 .text.si91x_bus_thread
                0x08209b20      0xd78 ./wiseconnect3_sdk_3.3.0/components/device/silabs/si91x/wireless/threading/sli_si91x_multithreaded.o
                0x08209b20                si91x_bus_thread
 .text.get_configured_join_request
                0x0820a898      0x118 ./wiseconnect3_sdk_3.3.0/components/protocol/wifi/si91x/sl_wifi.o
 .text.sl_wifi_init
                0x0820a9b0       0x2e ./wiseconnect3_sdk_3.3.0/components/protocol/wifi/si91x/sl_wifi.o
                0x0820a9b0                sl_wifi_init
 .text.sl_wifi_set_mac_address
                0x0820a9de       0x26 ./wiseconnect3_sdk_3.3.0/components/protocol/wifi/si91x/sl_wifi.o
                0x0820a9de                sl_wifi_set_mac_address
 .text.sl_wifi_start_ap
                0x0820aa04      0x1c0 ./wiseconnect3_sdk_3.3.0/components/protocol/wifi/si91x/sl_wifi.o
                0x0820aa04                sl_wifi_start_ap
 .text.sl_wifi_is_interface_up
                0x0820abc4       0x78 ./wiseconnect3_sdk_3.3.0/components/protocol/wifi/si91x/sl_wifi.o
                0x0820abc4                sl_wifi_is_interface_up
 .text.sl_wifi_connect
                0x0820ac3c      0x324 ./wiseconnect3_sdk_3.3.0/components/protocol/wifi/si91x/sl_wifi.o
                0x0820ac3c                sl_wifi_connect
 .text.get_event_group_from_event
                0x0820af60       0xbc ./wiseconnect3_sdk_3.3.0/components/protocol/wifi/src/sl_wifi_callback_framework.o
 .text.sl_wifi_set_callback
                0x0820b01c       0x28 ./wiseconnect3_sdk_3.3.0/components/protocol/wifi/src/sl_wifi_callback_framework.o
                0x0820b01c                sl_wifi_set_callback
 .text.sl_wifi_default_event_handler
                0x0820b044      0x128 ./wiseconnect3_sdk_3.3.0/components/protocol/wifi/src/sl_wifi_callback_framework.o
                0x0820b044                sl_wifi_default_event_handler
 .text.sl_net_wifi_client_init
                0x0820b16c       0x1c ./wiseconnect3_sdk_3.3.0/components/service/network_manager/si91x/sl_net_si91x.o
                0x0820b16c                sl_net_wifi_client_init
 .text.sl_net_wifi_client_up
                0x0820b188       0x36 ./wiseconnect3_sdk_3.3.0/components/service/network_manager/si91x/sl_net_si91x.o
                0x0820b188                sl_net_wifi_client_up
 .text.sl_net_wifi_ap_init
                0x0820b1be        0x4 ./wiseconnect3_sdk_3.3.0/components/service/network_manager/si91x/sl_net_si91x.o
                0x0820b1be                sl_net_wifi_ap_init
 .text.sl_net_wifi_ap_up
                0x0820b1c2       0x30 ./wiseconnect3_sdk_3.3.0/components/service/network_manager/si91x/sl_net_si91x.o
                0x0820b1c2                sl_net_wifi_ap_up
 .text.sl_net_host_get_by_name
                0x0820b1f2       0x82 ./wiseconnect3_sdk_3.3.0/components/service/network_manager/si91x/sl_net_si91x.o
                0x0820b1f2                sl_net_host_get_by_name
 .text.sl_net_init
                0x0820b274      0x110 ./wiseconnect3_sdk_3.3.0/components/service/network_manager/src/sl_net.o
                0x0820b274                sl_net_init
 .text.sl_net_up
                0x0820b384       0x18 ./wiseconnect3_sdk_3.3.0/components/service/network_manager/src/sl_net.o
                0x0820b384                sl_net_up
 .text.sl_net_get_credential
                0x0820b39c       0x74 ./wiseconnect3_sdk_3.3.0/components/service/network_manager/src/sl_net_basic_credentials.o
                0x0820b39c                sl_net_get_credential
 .text.sl_net_set_profile
                0x0820b410       0x3c ./wiseconnect3_sdk_3.3.0/components/service/network_manager/src/sl_net_basic_profiles.o
                0x0820b410                sl_net_set_profile
 .text.sl_net_get_profile
                0x0820b44c       0x44 ./wiseconnect3_sdk_3.3.0/components/service/network_manager/src/sl_net_basic_profiles.o
                0x0820b44c                sl_net_get_profile
 .text.sli_sntp_client_get_time_date
                0x0820b490       0xa8 ./wiseconnect3_sdk_3.3.0/components/service/sntp/si91x/sl_sntp.o
 .text.sli_si91x_sntp_event_handler
                0x0820b538       0x9c ./wiseconnect3_sdk_3.3.0/components/service/sntp/si91x/sl_sntp.o
                0x0820b538                sli_si91x_sntp_event_handler
 .text.sl_sntp_client_start
                0x0820b5d4       0xec ./wiseconnect3_sdk_3.3.0/components/service/sntp/si91x/sl_sntp.o
                0x0820b5d4                sl_sntp_client_start
 .text.sl_sntp_client_get_time
                0x0820b6c0        0x6 ./wiseconnect3_sdk_3.3.0/components/service/sntp/si91x/sl_sntp.o
                0x0820b6c0                sl_sntp_client_get_time
 .text.sl_sntp_client_stop
                0x0820b6c6       0x6c ./wiseconnect3_sdk_3.3.0/components/service/sntp/si91x/sl_sntp.o
                0x0820b6c6                sl_sntp_client_stop
 *fill*         0x0820b732        0x2 
 .text          0x0820b734      0x378 c:/siliconlabs/simplicitystudio/v5/developer/toolchains/gnu_arm/12.2.rel1_2023.7/bin/../lib/gcc/arm-none-eabi/12.2.1/thumb/v7e-m+fp/softfp\libgcc.a(_arm_addsubdf3.o)
                0x0820b734                __aeabi_drsub
                0x0820b73c                __aeabi_dsub
                0x0820b73c                __subdf3
                0x0820b740                __aeabi_dadd
                0x0820b740                __adddf3
                0x0820b9b8                __floatunsidf
                0x0820b9b8                __aeabi_ui2d
                0x0820b9d8                __floatsidf
                0x0820b9d8                __aeabi_i2d
                0x0820b9fc                __aeabi_f2d
                0x0820b9fc                __extendsfdf2
                0x0820ba40                __floatundidf
                0x0820ba40                __aeabi_ul2d
                0x0820ba50                __floatdidf
                0x0820ba50                __aeabi_l2d
 .text          0x0820baac      0x424 c:/siliconlabs/simplicitystudio/v5/developer/toolchains/gnu_arm/12.2.rel1_2023.7/bin/../lib/gcc/arm-none-eabi/12.2.1/thumb/v7e-m+fp/softfp\libgcc.a(_arm_muldivdf3.o)
                0x0820baac                __aeabi_dmul
                0x0820baac                __muldf3
                0x0820bd00                __divdf3
                0x0820bd00                __aeabi_ddiv
 .text          0x0820bed0       0x40 c:/siliconlabs/simplicitystudio/v5/developer/toolchains/gnu_arm/12.2.rel1_2023.7/bin/../lib/gcc/arm-none-eabi/12.2.1/thumb/v7e-m+fp/softfp\libgcc.a(_arm_fixunsdfsi.o)
                0x0820bed0                __aeabi_d2uiz
                0x0820bed0                __fixunsdfsi
 .text.__assert_func
                0x0820bf10       0x3c c:/siliconlabs/simplicitystudio/v5/developer/toolchains/gnu_arm/12.2.rel1_2023.7/bin/../lib/gcc/arm-none-eabi/12.2.1/thumb/v7e-m+fp/softfp\libc_nano.a(libc_a-assert.o)
                0x0820bf10                __assert_func
 .text.atof     0x0820bf4c        0x6 c:/siliconlabs/simplicitystudio/v5/developer/toolchains/gnu_arm/12.2.rel1_2023.7/bin/../lib/gcc/arm-none-eabi/12.2.1/thumb/v7e-m+fp/softfp\libc_nano.a(libc_a-atof.o)
                0x0820bf4c                atof
 *fill*         0x0820bf52        0x2 
 .text.malloc   0x0820bf54       0x10 c:/siliconlabs/simplicitystudio/v5/developer/toolchains/gnu_arm/12.2.rel1_2023.7/bin/../lib/gcc/arm-none-eabi/12.2.1/thumb/v7e-m+fp/softfp\libc_nano.a(libc_a-malloc.o)
                0x0820bf54                malloc
 .text.sbrk_aligned
                0x0820bf64       0x44 c:/siliconlabs/simplicitystudio/v5/developer/toolchains/gnu_arm/12.2.rel1_2023.7/bin/../lib/gcc/arm-none-eabi/12.2.1/thumb/v7e-m+fp/softfp\libc_nano.a(libc_a-mallocr.o)
 .text._malloc_r
                0x0820bfa8       0xf0 c:/siliconlabs/simplicitystudio/v5/developer/toolchains/gnu_arm/12.2.rel1_2023.7/bin/../lib/gcc/arm-none-eabi/12.2.1/thumb/v7e-m+fp/softfp\libc_nano.a(libc_a-mallocr.o)
                0x0820bfa8                _malloc_r
 .text.__malloc_lock
                0x0820c098        0xc c:/siliconlabs/simplicitystudio/v5/developer/toolchains/gnu_arm/12.2.rel1_2023.7/bin/../lib/gcc/arm-none-eabi/12.2.1/thumb/v7e-m+fp/softfp\libc_nano.a(libc_a-mlock.o)
                0x0820c098                __malloc_lock
 .text.__malloc_unlock
                0x0820c0a4        0xc c:/siliconlabs/simplicitystudio/v5/developer/toolchains/gnu_arm/12.2.rel1_2023.7/bin/../lib/gcc/arm-none-eabi/12.2.1/thumb/v7e-m+fp/softfp\libc_nano.a(libc_a-mlock.o)
                0x0820c0a4                __malloc_unlock
 .text.sulp     0x0820c0b0       0x42 c:/siliconlabs/simplicitystudio/v5/developer/toolchains/gnu_arm/12.2.rel1_2023.7/bin/../lib/gcc/arm-none-eabi/12.2.1/thumb/v7e-m+fp/softfp\libc_nano.a(libc_a-strtod.o)
 *fill*         0x0820c0f2        0x6 
 .text._strtod_l
                0x0820c0f8      0xc00 c:/siliconlabs/simplicitystudio/v5/developer/toolchains/gnu_arm/12.2.rel1_2023.7/bin/../lib/gcc/arm-none-eabi/12.2.1/thumb/v7e-m+fp/softfp\libc_nano.a(libc_a-strtod.o)
                0x0820c0f8                _strtod_l
 .text.strtod   0x0820ccf8       0x18 c:/siliconlabs/simplicitystudio/v5/developer/toolchains/gnu_arm/12.2.rel1_2023.7/bin/../lib/gcc/arm-none-eabi/12.2.1/thumb/v7e-m+fp/softfp\libc_nano.a(libc_a-strtod.o)
                0x0820ccf8                strtod
 .text.__cvt    0x0820cd10       0xce c:/siliconlabs/simplicitystudio/v5/developer/toolchains/gnu_arm/12.2.rel1_2023.7/bin/../lib/gcc/arm-none-eabi/12.2.1/thumb/v7e-m+fp/softfp\libc_nano.a(libc_a-nano-vfprintf_float.o)
                0x0820cd10                __cvt
 .text.__exponent
                0x0820cdde       0x74 c:/siliconlabs/simplicitystudio/v5/developer/toolchains/gnu_arm/12.2.rel1_2023.7/bin/../lib/gcc/arm-none-eabi/12.2.1/thumb/v7e-m+fp/softfp\libc_nano.a(libc_a-nano-vfprintf_float.o)
                0x0820cdde                __exponent
 *fill*         0x0820ce52        0x2 
 .text._printf_float
                0x0820ce54      0x46c c:/siliconlabs/simplicitystudio/v5/developer/toolchains/gnu_arm/12.2.rel1_2023.7/bin/../lib/gcc/arm-none-eabi/12.2.1/thumb/v7e-m+fp/softfp\libc_nano.a(libc_a-nano-vfprintf_float.o)
                0x0820ce54                _printf_float
 .text._printf_common
                0x0820d2c0       0xda c:/siliconlabs/simplicitystudio/v5/developer/toolchains/gnu_arm/12.2.rel1_2023.7/bin/../lib/gcc/arm-none-eabi/12.2.1/thumb/v7e-m+fp/softfp\libc_nano.a(libc_a-nano-vfprintf_i.o)
                0x0820d2c0                _printf_common
 *fill*         0x0820d39a        0x2 
 .text._printf_i
                0x0820d39c      0x258 c:/siliconlabs/simplicitystudio/v5/developer/toolchains/gnu_arm/12.2.rel1_2023.7/bin/../lib/gcc/arm-none-eabi/12.2.1/thumb/v7e-m+fp/softfp\libc_nano.a(libc_a-nano-vfprintf_i.o)
                0x0820d39c                _printf_i
 .text.std      0x0820d5f4       0x6c c:/siliconlabs/simplicitystudio/v5/developer/toolchains/gnu_arm/12.2.rel1_2023.7/bin/../lib/gcc/arm-none-eabi/12.2.1/thumb/v7e-m+fp/softfp\libc_nano.a(libc_a-findfp.o)
 .text.stdio_exit_handler
                0x0820d660       0x18 c:/siliconlabs/simplicitystudio/v5/developer/toolchains/gnu_arm/12.2.rel1_2023.7/bin/../lib/gcc/arm-none-eabi/12.2.1/thumb/v7e-m+fp/softfp\libc_nano.a(libc_a-findfp.o)
 .text.cleanup_stdio
                0x0820d678       0x40 c:/siliconlabs/simplicitystudio/v5/developer/toolchains/gnu_arm/12.2.rel1_2023.7/bin/../lib/gcc/arm-none-eabi/12.2.1/thumb/v7e-m+fp/softfp\libc_nano.a(libc_a-findfp.o)
 .text.global_stdio_init.part.0
                0x0820d6b8       0x3c c:/siliconlabs/simplicitystudio/v5/developer/toolchains/gnu_arm/12.2.rel1_2023.7/bin/../lib/gcc/arm-none-eabi/12.2.1/thumb/v7e-m+fp/softfp\libc_nano.a(libc_a-findfp.o)
 .text.__sfp_lock_acquire
                0x0820d6f4        0xc c:/siliconlabs/simplicitystudio/v5/developer/toolchains/gnu_arm/12.2.rel1_2023.7/bin/../lib/gcc/arm-none-eabi/12.2.1/thumb/v7e-m+fp/softfp\libc_nano.a(libc_a-findfp.o)
                0x0820d6f4                __sfp_lock_acquire
 .text.__sfp_lock_release
                0x0820d700        0xc c:/siliconlabs/simplicitystudio/v5/developer/toolchains/gnu_arm/12.2.rel1_2023.7/bin/../lib/gcc/arm-none-eabi/12.2.1/thumb/v7e-m+fp/softfp\libc_nano.a(libc_a-findfp.o)
                0x0820d700                __sfp_lock_release
 .text.__sinit  0x0820d70c       0x30 c:/siliconlabs/simplicitystudio/v5/developer/toolchains/gnu_arm/12.2.rel1_2023.7/bin/../lib/gcc/arm-none-eabi/12.2.1/thumb/v7e-m+fp/softfp\libc_nano.a(libc_a-findfp.o)
                0x0820d70c                __sinit
 .text.fprintf  0x0820d73c       0x24 c:/siliconlabs/simplicitystudio/v5/developer/toolchains/gnu_arm/12.2.rel1_2023.7/bin/../lib/gcc/arm-none-eabi/12.2.1/thumb/v7e-m+fp/softfp\libc_nano.a(libc_a-fprintf.o)
                0x0820d73c                fiprintf